Archive member included to satisfy reference by file (symbol)

/Applications/ArmGNUToolchain/12.2.rel1/arm-none-eabi/bin/../lib/gcc/arm-none-eabi/12.2.1/thumb/v8-m.main+fp/hard/libgcc.a(_aeabi_ldivmod.o)
                              ./simplicity_sdk_2025.6.2/platform/service/sleeptimer/src/sl_sleeptimer.o (__aeabi_ldivmod)
/Applications/ArmGNUToolchain/12.2.rel1/arm-none-eabi/bin/../lib/gcc/arm-none-eabi/12.2.1/thumb/v8-m.main+fp/hard/libgcc.a(_aeabi_uldivmod.o)
                              ./simplicity_sdk_2025.6.2/platform/service/sleeptimer/src/sl_sleeptimer.o (__aeabi_uldivmod)
/Applications/ArmGNUToolchain/12.2.rel1/arm-none-eabi/bin/../lib/gcc/arm-none-eabi/12.2.1/thumb/v8-m.main+fp/hard/libgcc.a(_udivmoddi4.o)
                              /Applications/ArmGNUToolchain/12.2.rel1/arm-none-eabi/bin/../lib/gcc/arm-none-eabi/12.2.1/thumb/v8-m.main+fp/hard/libgcc.a(_aeabi_ldivmod.o) (__udivmoddi4)
/Applications/ArmGNUToolchain/12.2.rel1/arm-none-eabi/bin/../lib/gcc/arm-none-eabi/12.2.1/thumb/v8-m.main+fp/hard/libgcc.a(_dvmd_tls.o)
                              /Applications/ArmGNUToolchain/12.2.rel1/arm-none-eabi/bin/../lib/gcc/arm-none-eabi/12.2.1/thumb/v8-m.main+fp/hard/libgcc.a(_aeabi_ldivmod.o) (__aeabi_ldiv0)
/Applications/ArmGNUToolchain/12.2.rel1/arm-none-eabi/bin/../lib/gcc/arm-none-eabi/12.2.1/../../../../arm-none-eabi/lib/thumb/v8-m.main+fp/hard/libc_nano.a(libc_a-exit.o)
                              /Applications/ArmGNUToolchain/12.2.rel1/arm-none-eabi/bin/../lib/gcc/arm-none-eabi/12.2.1/../../../../arm-none-eabi/lib/thumb/v8-m.main+fp/hard/crt0.o (exit)
/Applications/ArmGNUToolchain/12.2.rel1/arm-none-eabi/bin/../lib/gcc/arm-none-eabi/12.2.1/../../../../arm-none-eabi/lib/thumb/v8-m.main+fp/hard/libc_nano.a(libc_a-findfp.o)
                              /Applications/ArmGNUToolchain/12.2.rel1/arm-none-eabi/bin/../lib/gcc/arm-none-eabi/12.2.1/../../../../arm-none-eabi/lib/thumb/v8-m.main+fp/hard/libc_nano.a(libc_a-exit.o) (__stdio_exit_handler)
/Applications/ArmGNUToolchain/12.2.rel1/arm-none-eabi/bin/../lib/gcc/arm-none-eabi/12.2.1/../../../../arm-none-eabi/lib/thumb/v8-m.main+fp/hard/libc_nano.a(libc_a-fwalk.o)
                              /Applications/ArmGNUToolchain/12.2.rel1/arm-none-eabi/bin/../lib/gcc/arm-none-eabi/12.2.1/../../../../arm-none-eabi/lib/thumb/v8-m.main+fp/hard/libc_nano.a(libc_a-findfp.o) (_fwalk_sglue)
/Applications/ArmGNUToolchain/12.2.rel1/arm-none-eabi/bin/../lib/gcc/arm-none-eabi/12.2.1/../../../../arm-none-eabi/lib/thumb/v8-m.main+fp/hard/libc_nano.a(libc_a-memset.o)
                              /Applications/ArmGNUToolchain/12.2.rel1/arm-none-eabi/bin/../lib/gcc/arm-none-eabi/12.2.1/../../../../arm-none-eabi/lib/thumb/v8-m.main+fp/hard/crt0.o (memset)
/Applications/ArmGNUToolchain/12.2.rel1/arm-none-eabi/bin/../lib/gcc/arm-none-eabi/12.2.1/../../../../arm-none-eabi/lib/thumb/v8-m.main+fp/hard/libc_nano.a(libc_a-impure.o)
                              /Applications/ArmGNUToolchain/12.2.rel1/arm-none-eabi/bin/../lib/gcc/arm-none-eabi/12.2.1/../../../../arm-none-eabi/lib/thumb/v8-m.main+fp/hard/libc_nano.a(libc_a-findfp.o) (_impure_data)
/Applications/ArmGNUToolchain/12.2.rel1/arm-none-eabi/bin/../lib/gcc/arm-none-eabi/12.2.1/../../../../arm-none-eabi/lib/thumb/v8-m.main+fp/hard/libc_nano.a(libc_a-init.o)
                              /Applications/ArmGNUToolchain/12.2.rel1/arm-none-eabi/bin/../lib/gcc/arm-none-eabi/12.2.1/../../../../arm-none-eabi/lib/thumb/v8-m.main+fp/hard/crt0.o (__libc_init_array)
/Applications/ArmGNUToolchain/12.2.rel1/arm-none-eabi/bin/../lib/gcc/arm-none-eabi/12.2.1/../../../../arm-none-eabi/lib/thumb/v8-m.main+fp/hard/libc_nano.a(libc_a-lock.o)
                              /Applications/ArmGNUToolchain/12.2.rel1/arm-none-eabi/bin/../lib/gcc/arm-none-eabi/12.2.1/../../../../arm-none-eabi/lib/thumb/v8-m.main+fp/hard/libc_nano.a(libc_a-findfp.o) (__retarget_lock_init_recursive)
/Applications/ArmGNUToolchain/12.2.rel1/arm-none-eabi/bin/../lib/gcc/arm-none-eabi/12.2.1/../../../../arm-none-eabi/lib/thumb/v8-m.main+fp/hard/libc_nano.a(libc_a-memcpy-stub.o)
                              ./simplicity_sdk_2025.6.2/platform/service/memory_manager/src/sl_memory_manager.o (memcpy)
/Applications/ArmGNUToolchain/12.2.rel1/arm-none-eabi/bin/../lib/gcc/arm-none-eabi/12.2.1/../../../../arm-none-eabi/lib/thumb/v8-m.main+fp/hard/libc_nano.a(libc_a-fflush.o)
                              /Applications/ArmGNUToolchain/12.2.rel1/arm-none-eabi/bin/../lib/gcc/arm-none-eabi/12.2.1/../../../../arm-none-eabi/lib/thumb/v8-m.main+fp/hard/libc_nano.a(libc_a-findfp.o) (_fflush_r)
/Applications/ArmGNUToolchain/12.2.rel1/arm-none-eabi/bin/../lib/gcc/arm-none-eabi/12.2.1/../../../../arm-none-eabi/lib/thumb/v8-m.main+fp/hard/libc_nano.a(libc_a-stdio.o)
                              /Applications/ArmGNUToolchain/12.2.rel1/arm-none-eabi/bin/../lib/gcc/arm-none-eabi/12.2.1/../../../../arm-none-eabi/lib/thumb/v8-m.main+fp/hard/libc_nano.a(libc_a-findfp.o) (__sread)
[...]
Memory Configuration

Name             Origin             Length             Attributes
FLASH            0x0000000008000000 0x000000000017e000 xr
RAM              0x0000000020000000 0x0000000000040000 xrw
*default*        0x0000000000000000 0xffffffffffffffff

Linker script and memory map

LOAD /Applications/ArmGNUToolchain/12.2.rel1/arm-none-eabi/bin/../lib/gcc/arm-none-eabi/12.2.1/thumb/v8-m.main+fp/hard/crti.o
LOAD /Applications/ArmGNUToolchain/12.2.rel1/arm-none-eabi/bin/../lib/gcc/arm-none-eabi/12.2.1/thumb/v8-m.main+fp/hard/crtbegin.o
LOAD /Applications/ArmGNUToolchain/12.2.rel1/arm-none-eabi/bin/../lib/gcc/arm-none-eabi/12.2.1/../../../../arm-none-eabi/lib/thumb/v8-m.main+fp/hard/crt0.o
START GROUP
LOAD ./03-app.o
LOAD ./03-task1.o
LOAD ./03-task2.o
LOAD ./main.o
LOAD ./autogen/sl_board_default_init.o
LOAD ./autogen/sl_event_handler.o
LOAD ./autogen/sl_simple_button_instances.o
LOAD ./autogen/sl_simple_led_instances.o
LOAD ./simplicity_sdk_2025.6.2/hardware/board/src/sl_board_control_gpio.o
LOAD ./simplicity_sdk_2025.6.2/hardware/board/src/sl_board_init.o
LOAD ./simplicity_sdk_2025.6.2/platform/CMSIS/RTOS2/Source/os_systick.o
LOAD ./simplicity_sdk_2025.6.2/platform/Device/SiliconLabs/EFR32MG24/Source/startup_efr32mg24.o
LOAD ./simplicity_sdk_2025.6.2/platform/Device/SiliconLabs/EFR32MG24/Source/system_efr32mg24.o
LOAD ./simplicity_sdk_2025.6.2/platform/common/src/sl_assert.o
LOAD ./simplicity_sdk_2025.6.2/platform/common/src/sl_cmsis_os2_common.o
LOAD ./simplicity_sdk_2025.6.2/platform/common/src/sl_core_cortexm.o
LOAD ./simplicity_sdk_2025.6.2/platform/common/src/sl_syscalls.o
LOAD ./simplicity_sdk_2025.6.2/platform/driver/button/src/sl_button.o
LOAD ./simplicity_sdk_2025.6.2/platform/driver/button/src/sl_simple_button.o
LOAD ./simplicity_sdk_2025.6.2/platform/driver/gpio/src/sl_gpio.o
LOAD ./simplicity_sdk_2025.6.2/platform/driver/leddrv/src/sl_led.o
LOAD ./simplicity_sdk_2025.6.2/platform/driver/leddrv/src/sl_simple_led.o
LOAD ./simplicity_sdk_2025.6.2/platform/emlib/src/em_burtc.o
LOAD ./simplicity_sdk_2025.6.2/platform/emlib/src/em_cmu.o
LOAD ./simplicity_sdk_2025.6.2/platform/emlib/src/em_emu.o
LOAD ./simplicity_sdk_2025.6.2/platform/emlib/src/em_gpio.o
LOAD ./simplicity_sdk_2025.6.2/platform/emlib/src/em_msc.o
LOAD ./simplicity_sdk_2025.6.2/platform/emlib/src/em_prs.o
LOAD ./simplicity_sdk_2025.6.2/platform/emlib/src/em_system.o
LOAD ./simplicity_sdk_2025.6.2/platform/emlib/src/em_timer.o
LOAD ./simplicity_sdk_2025.6.2/platform/peripheral/src/sl_hal_gpio.o
LOAD ./simplicity_sdk_2025.6.2/platform/peripheral/src/sl_hal_sysrtc.o
LOAD ./simplicity_sdk_2025.6.2/platform/service/clock_manager/src/sl_clock_manager.o
LOAD ./simplicity_sdk_2025.6.2/platform/service/clock_manager/src/sl_clock_manager_hal_s2.o
LOAD ./simplicity_sdk_2025.6.2/platform/service/clock_manager/src/sl_clock_manager_init.o
LOAD ./simplicity_sdk_2025.6.2/platform/service/clock_manager/src/sl_clock_manager_init_hal_s2.o
LOAD ./simplicity_sdk_2025.6.2/platform/service/device_init/src/sl_device_init_dcdc_s2.o
LOAD ./simplicity_sdk_2025.6.2/platform/service/device_init/src/sl_device_init_emu_s2.o
LOAD ./simplicity_sdk_2025.6.2/platform/service/device_manager/clocks/sl_device_clock_efr32xg24.o
LOAD ./simplicity_sdk_2025.6.2/platform/service/device_manager/devices/sl_device_peripheral_hal_efr32xg24.o
LOAD ./simplicity_sdk_2025.6.2/platform/service/device_manager/src/sl_device_clock.o
LOAD ./simplicity_sdk_2025.6.2/platform/service/device_manager/src/sl_device_gpio.o
LOAD ./simplicity_sdk_2025.6.2/platform/service/device_manager/src/sl_device_peripheral.o
LOAD ./simplicity_sdk_2025.6.2/platform/service/interrupt_manager/src/sl_interrupt_manager_cortexm.o
LOAD ./simplicity_sdk_2025.6.2/platform/service/memory_manager/src/sl_memory_manager.o
LOAD ./simplicity_sdk_2025.6.2/platform/service/memory_manager/src/sl_memory_manager_dynamic_reservation.o
LOAD ./simplicity_sdk_2025.6.2/platform/service/memory_manager/src/sl_memory_manager_pool.o
LOAD ./simplicity_sdk_2025.6.2/platform/service/memory_manager/src/sl_memory_manager_pool_common.o
LOAD ./simplicity_sdk_2025.6.2/platform/service/memory_manager/src/sl_memory_manager_region.o
LOAD ./simplicity_sdk_2025.6.2/platform/service/memory_manager/src/sl_memory_manager_retarget.o
LOAD ./simplicity_sdk_2025.6.2/platform/service/memory_manager/src/sli_memory_manager_common.o
LOAD ./simplicity_sdk_2025.6.2/platform/service/sl_main/src/rtos/main_retarget.o
LOAD ./simplicity_sdk_2025.6.2/platform/service/sl_main/src/sl_main_init.o
LOAD ./simplicity_sdk_2025.6.2/platform/service/sl_main/src/sl_main_init_memory.o
LOAD ./simplicity_sdk_2025.6.2/platform/service/sl_main/src/sl_main_kernel.o
LOAD ./simplicity_sdk_2025.6.2/platform/service/sleeptimer/src/sl_sleeptimer.o
LOAD ./simplicity_sdk_2025.6.2/platform/service/sleeptimer/src/sl_sleeptimer_hal_burtc.o
LOAD ./simplicity_sdk_2025.6.2/platform/service/sleeptimer/src/sl_sleeptimer_hal_sysrtc.o
LOAD ./simplicity_sdk_2025.6.2/platform/service/sleeptimer/src/sl_sleeptimer_hal_timer.o
LOAD ./simplicity_sdk_2025.6.2/util/third_party/freertos/cmsis/Source/cmsis_os2.o
LOAD ./simplicity_sdk_2025.6.2/util/third_party/freertos/kernel/croutine.o
LOAD ./simplicity_sdk_2025.6.2/util/third_party/freertos/kernel/event_groups.o
LOAD ./simplicity_sdk_2025.6.2/util/third_party/freertos/kernel/list.o
LOAD ./simplicity_sdk_2025.6.2/util/third_party/freertos/kernel/queue.o
LOAD ./simplicity_sdk_2025.6.2/util/third_party/freertos/kernel/stream_buffer.o
LOAD ./simplicity_sdk_2025.6.2/util/third_party/freertos/kernel/tasks.o
LOAD ./simplicity_sdk_2025.6.2/util/third_party/freertos/kernel/timers.o
LOAD ./simplicity_sdk_2025.6.2/util/third_party/freertos/kernel/portable/GCC/ARM_CM33_NTZ/non_secure/mpu_wrappers_v2_asm.o
LOAD ./simplicity_sdk_2025.6.2/util/third_party/freertos/kernel/portable/GCC/ARM_CM33_NTZ/non_secure/port.o
LOAD ./simplicity_sdk_2025.6.2/util/third_party/freertos/kernel/portable/GCC/ARM_CM33_NTZ/non_secure/portasm.o
LOAD ./simplicity_sdk_2025.6.2/util/third_party/freertos/kernel/portable/MemMang/heap_3.o
LOAD /Applications/ArmGNUToolchain/12.2.rel1/arm-none-eabi/bin/../lib/gcc/arm-none-eabi/12.2.1/thumb/v8-m.main+fp/hard/libgcc.a
LOAD /Applications/ArmGNUToolchain/12.2.rel1/arm-none-eabi/bin/../lib/gcc/arm-none-eabi/12.2.1/../../../../arm-none-eabi/lib/thumb/v8-m.main+fp/hard/libc_nano.a
LOAD /Applications/ArmGNUToolchain/12.2.rel1/arm-none-eabi/bin/../lib/gcc/arm-none-eabi/12.2.1/../../../../arm-none-eabi/lib/thumb/v8-m.main+fp/hard/libm.a
LOAD /Applications/ArmGNUToolchain/12.2.rel1/arm-none-eabi/bin/../lib/gcc/arm-none-eabi/12.2.1/../../../../arm-none-eabi/lib/thumb/v8-m.main+fp/hard/libnosys.a
END GROUP
START GROUP
LOAD /Applications/ArmGNUToolchain/12.2.rel1/arm-none-eabi/bin/../lib/gcc/arm-none-eabi/12.2.1/thumb/v8-m.main+fp/hard/libgcc.a
LOAD /Applications/ArmGNUToolchain/12.2.rel1/arm-none-eabi/bin/../lib/gcc/arm-none-eabi/12.2.1/../../../../arm-none-eabi/lib/thumb/v8-m.main+fp/hard/libc_nano.a
LOAD /Applications/ArmGNUToolchain/12.2.rel1/arm-none-eabi/bin/../lib/gcc/arm-none-eabi/12.2.1/../../../../arm-none-eabi/lib/thumb/v8-m.main+fp/hard/libnosys.a
END GROUP
START GROUP
LOAD /Applications/ArmGNUToolchain/12.2.rel1/arm-none-eabi/bin/../lib/gcc/arm-none-eabi/12.2.1/thumb/v8-m.main+fp/hard/libgcc.a
LOAD /Applications/ArmGNUToolchain/12.2.rel1/arm-none-eabi/bin/../lib/gcc/arm-none-eabi/12.2.1/../../../../arm-none-eabi/lib/thumb/v8-m.main+fp/hard/libg_nano.a
LOAD /Applications/ArmGNUToolchain/12.2.rel1/arm-none-eabi/bin/../lib/gcc/arm-none-eabi/12.2.1/../../../../arm-none-eabi/lib/thumb/v8-m.main+fp/hard/libc_nano.a
END GROUP
START GROUP
LOAD /Applications/ArmGNUToolchain/12.2.rel1/arm-none-eabi/bin/../lib/gcc/arm-none-eabi/12.2.1/thumb/v8-m.main+fp/hard/libgcc.a
LOAD /Applications/ArmGNUToolchain/12.2.rel1/arm-none-eabi/bin/../lib/gcc/arm-none-eabi/12.2.1/../../../../arm-none-eabi/lib/thumb/v8-m.main+fp/hard/libc_nano.a
END GROUP
LOAD /Applications/ArmGNUToolchain/12.2.rel1/arm-none-eabi/bin/../lib/gcc/arm-none-eabi/12.2.1/thumb/v8-m.main+fp/hard/crtend.o
LOAD /Applications/ArmGNUToolchain/12.2.rel1/arm-none-eabi/bin/../lib/gcc/arm-none-eabi/12.2.1/thumb/v8-m.main+fp/hard/crtn.o

.vectors        0x0000000008000000      0x170
                0x0000000008000000                linker_vectors_begin = .
 *(.vectors)
 .vectors       0x0000000008000000      0x170 ./simplicity_sdk_2025.6.2/platform/Device/SiliconLabs/EFR32MG24/Source/startup_efr32mg24.o
                0x0000000008000000                __Vectors
                0x0000000008000170                linker_vectors_end = .
                0x0000000008000170                __Vectors_End = .
                0x0000000008000170                __Vectors_Size = (__Vectors_End - __Vectors)

.stack          0x0000000020000000      0x400
                0x0000000020000000                . = ALIGN (0x8)
                0x0000000020000000                __StackLimit = .
 *(.stack*)
 .stack         0x0000000020000000      0x400 ./simplicity_sdk_2025.6.2/platform/service/memory_manager/src/sl_memory_manager_region.o
                0x0000000020000400                . = ALIGN (0x4)
                0x0000000020000400                __StackTop = .
                0x0000000020000400                PROVIDE (__stack = __StackTop)

.bss            0x0000000020000400     0x13b4
                0x0000000020000400                . = ALIGN (0x4)
                0x0000000020000400                __bss_start__ = .
 *(SORT_BY_ALIGNMENT(.bss*))
 .bss.object.0  0x0000000020000400       0x18 /Applications/ArmGNUToolchain/12.2.rel1/arm-none-eabi/bin/../lib/gcc/arm-none-eabi/12.2.1/thumb/v8-m.main+fp/hard/crtbegin.o
 .bss.semaphore_handle
                0x0000000020000418        0x4 ./03-app.o
                0x0000000020000418                semaphore_handle
 .bss.xTaskBuffer.0
                0x000000002000041c       0x58 ./03-task1.o
 .bss.xStack.1  0x0000000020000474      0x280 ./03-task1.o
 .bss.xTaskBuffer.0
                0x00000000200006f4       0x58 ./03-task2.o
 .bss.xStack.1  0x000000002000074c      0x280 ./03-task2.o
 .bss.gpio_interrupts
                0x00000000200009cc      0x168 ./simplicity_sdk_2025.6.2/platform/driver/gpio/src/sl_gpio.o
 .bss.sli_general_purpose_heap
                0x0000000020000b34       0x28 ./simplicity_sdk_2025.6.2/platform/service/memory_manager/src/sl_memory_manager.o
                0x0000000020000b34                sli_general_purpose_heap
 .bss.start_task_id
                0x0000000020000b5c        0x4 ./simplicity_sdk_2025.6.2/platform/service/sl_main/src/sl_main_kernel.o
                0x0000000020000b5c                start_task_id
 .bss.max_millisecond_conversion
                0x0000000020000b60        0x4 ./simplicity_sdk_2025.6.2/platform/service/sleeptimer/src/sl_sleeptimer.o
 .bss.last_delta_update_count
                0x0000000020000b64        0x4 ./simplicity_sdk_2025.6.2/platform/service/sleeptimer/src/sl_sleeptimer.o
 .bss.timer_head
                0x0000000020000b68        0x4 ./simplicity_sdk_2025.6.2/platform/service/sleeptimer/src/sl_sleeptimer.o
 .bss.timer_frequency
                0x0000000020000b6c        0x4 ./simplicity_sdk_2025.6.2/platform/service/sleeptimer/src/sl_sleeptimer.o
 .bss.overflow_counter
                0x0000000020000b70        0x4 ./simplicity_sdk_2025.6.2/platform/service/sleeptimer/src/sl_sleeptimer.o
 .bss.Timer_Stack.0
                0x0000000020000b74      0x280 ./simplicity_sdk_2025.6.2/util/third_party/freertos/cmsis/Source/cmsis_os2.o
 .bss.Timer_TCB.1
                0x0000000020000df4       0x58 ./simplicity_sdk_2025.6.2/util/third_party/freertos/cmsis/Source/cmsis_os2.o
 .bss.Idle_Stack.2
                0x0000000020000e4c      0x280 ./simplicity_sdk_2025.6.2/util/third_party/freertos/cmsis/Source/cmsis_os2.o
 .bss.Idle_TCB.3
                0x00000000200010cc       0x58 ./simplicity_sdk_2025.6.2/util/third_party/freertos/cmsis/Source/cmsis_os2.o
 .bss.KernelState
                0x0000000020001124        0x4 ./simplicity_sdk_2025.6.2/util/third_party/freertos/cmsis/Source/cmsis_os2.o
 .bss.xQueueRegistry
                0x0000000020001128       0x50 ./simplicity_sdk_2025.6.2/util/third_party/freertos/kernel/queue.o
                0x0000000020001128                xQueueRegistry
 .bss.uxSchedulerSuspended
                0x0000000020001178        0x4 ./simplicity_sdk_2025.6.2/util/third_party/freertos/kernel/tasks.o
 .bss.xIdleTaskHandles
                0x000000002000117c        0x4 ./simplicity_sdk_2025.6.2/util/third_party/freertos/kernel/tasks.o
 .bss.xNextTaskUnblockTime
                0x0000000020001180        0x4 ./simplicity_sdk_2025.6.2/util/third_party/freertos/kernel/tasks.o
 .bss.uxTaskNumber
                0x0000000020001184        0x4 ./simplicity_sdk_2025.6.2/util/third_party/freertos/kernel/tasks.o
 .bss.xNumOfOverflows
                0x0000000020001188        0x4 ./simplicity_sdk_2025.6.2/util/third_party/freertos/kernel/tasks.o
 .bss.xYieldPendings
                0x000000002000118c        0x4 ./simplicity_sdk_2025.6.2/util/third_party/freertos/kernel/tasks.o
 .bss.xPendedTicks
                0x0000000020001190        0x4 ./simplicity_sdk_2025.6.2/util/third_party/freertos/kernel/tasks.o
 .bss.xSchedulerRunning
                0x0000000020001194        0x4 ./simplicity_sdk_2025.6.2/util/third_party/freertos/kernel/tasks.o
 .bss.uxTopReadyPriority
                0x0000000020001198        0x4 ./simplicity_sdk_2025.6.2/util/third_party/freertos/kernel/tasks.o
 .bss.xTickCount
                0x000000002000119c        0x4 ./simplicity_sdk_2025.6.2/util/third_party/freertos/kernel/tasks.o
 .bss.uxCurrentNumberOfTasks
                0x00000000200011a0        0x4 ./simplicity_sdk_2025.6.2/util/third_party/freertos/kernel/tasks.o
 .bss.xSuspendedTaskList
                0x00000000200011a4       0x14 ./simplicity_sdk_2025.6.2/util/third_party/freertos/kernel/tasks.o
 .bss.uxDeletedTasksWaitingCleanUp
                0x00000000200011b8        0x4 ./simplicity_sdk_2025.6.2/util/third_party/freertos/kernel/tasks.o
 .bss.xTasksWaitingTermination
                0x00000000200011bc       0x14 ./simplicity_sdk_2025.6.2/util/third_party/freertos/kernel/tasks.o
 .bss.xPendingReadyList
                0x00000000200011d0       0x14 ./simplicity_sdk_2025.6.2/util/third_party/freertos/kernel/tasks.o
 .bss.pxOverflowDelayedTaskList
                0x00000000200011e4        0x4 ./simplicity_sdk_2025.6.2/util/third_party/freertos/kernel/tasks.o
 .bss.pxDelayedTaskList
                0x00000000200011e8        0x4 ./simplicity_sdk_2025.6.2/util/third_party/freertos/kernel/tasks.o
 .bss.xDelayedTaskList2
                0x00000000200011ec       0x14 ./simplicity_sdk_2025.6.2/util/third_party/freertos/kernel/tasks.o
 .bss.xDelayedTaskList1
                0x0000000020001200       0x14 ./simplicity_sdk_2025.6.2/util/third_party/freertos/kernel/tasks.o
 .bss.pxReadyTasksLists
                0x0000000020001214      0x460 ./simplicity_sdk_2025.6.2/util/third_party/freertos/kernel/tasks.o
 .bss.pxCurrentTCB
                0x0000000020001674        0x4 ./simplicity_sdk_2025.6.2/util/third_party/freertos/kernel/tasks.o
                0x0000000020001674                pxCurrentTCB
 .bss.xLastTime.0
                0x0000000020001678        0x4 ./simplicity_sdk_2025.6.2/util/third_party/freertos/kernel/timers.o
 .bss.xStaticTimerQueue.1
                0x000000002000167c       0x50 ./simplicity_sdk_2025.6.2/util/third_party/freertos/kernel/timers.o
 .bss.xTimerTaskHandle
                0x00000000200016cc        0x4 ./simplicity_sdk_2025.6.2/util/third_party/freertos/kernel/timers.o
 .bss.xTimerQueue
                0x00000000200016d0        0x4 ./simplicity_sdk_2025.6.2/util/third_party/freertos/kernel/timers.o
 .bss.pxOverflowTimerList
                0x00000000200016d4        0x4 ./simplicity_sdk_2025.6.2/util/third_party/freertos/kernel/timers.o
 .bss.pxCurrentTimerList
                0x00000000200016d8        0x4 ./simplicity_sdk_2025.6.2/util/third_party/freertos/kernel/timers.o
 .bss.xActiveTimerList2
                0x00000000200016dc       0x14 ./simplicity_sdk_2025.6.2/util/third_party/freertos/kernel/timers.o
 .bss.xActiveTimerList1
                0x00000000200016f0       0x14 ./simplicity_sdk_2025.6.2/util/third_party/freertos/kernel/timers.o
 .bss.ulMaxPRIGROUPValue
                0x0000000020001704        0x4 ./simplicity_sdk_2025.6.2/util/third_party/freertos/kernel/portable/GCC/ARM_CM33_NTZ/non_secure/port.o
 .bss.__stdio_exit_handler
                0x0000000020001708        0x4 /Applications/ArmGNUToolchain/12.2.rel1/arm-none-eabi/bin/../lib/gcc/arm-none-eabi/12.2.1/../../../../arm-none-eabi/lib/thumb/v8-m.main+fp/hard/libc_nano.a(libc_a-findfp.o)
                0x0000000020001708                __stdio_exit_handler
 .bss.completed.1
                0x000000002000170c        0x1 /Applications/ArmGNUToolchain/12.2.rel1/arm-none-eabi/bin/../lib/gcc/arm-none-eabi/12.2.1/thumb/v8-m.main+fp/hard/crtbegin.o
 .bss.pclkDiv   0x000000002000170d        0x1 ./simplicity_sdk_2025.6.2/platform/emlib/src/em_cmu.o
 .bss.vScaleEM01Config
                0x000000002000170e        0x1 ./simplicity_sdk_2025.6.2/platform/emlib/src/em_emu.o
 .bss.is_interrupt_manager_initialized
                0x000000002000170f        0x1 ./simplicity_sdk_2025.6.2/platform/service/interrupt_manager/src/sl_interrupt_manager_cortexm.o
 .bss.sleep_on_isr_exit
                0x0000000020001710        0x1 ./simplicity_sdk_2025.6.2/platform/service/sleeptimer/src/sl_sleeptimer.o
 .bss.next_timer_to_expire_is_power_manager
                0x0000000020001711        0x1 ./simplicity_sdk_2025.6.2/platform/service/sleeptimer/src/sl_sleeptimer.o
 .bss.is_sleeptimer_initialized
                0x0000000020001712        0x1 ./simplicity_sdk_2025.6.2/platform/service/sleeptimer/src/sl_sleeptimer.o
 .bss.ucStaticTimerQueueStorage.2
                0x0000000020001713       0xa0 ./simplicity_sdk_2025.6.2/util/third_party/freertos/kernel/timers.o
 .bss.ucMaxSysCallPriority
                0x00000000200017b3        0x1 ./simplicity_sdk_2025.6.2/util/third_party/freertos/kernel/portable/GCC/ARM_CM33_NTZ/non_secure/port.o
 *(COMMON)
                0x00000000200017b4                . = ALIGN (0x4)
                0x00000000200017b4                __bss_end__ = .

.noinit
 *(.noinit*)

text_application_ram
                0x00000000200017b4        0x0 load address 0x0000000008000170
                0x00000000200017b4                . = ALIGN (0x4)
                0x00000000200017b4                __vma_ramfuncs_start__ = .
                0x00000000200017b4                __text_application_ram_start__ = .
 *(text_application_ram)
                0x00000000200017b4                . = ALIGN (0x4)
                0x00000000200017b4                __vma_ramfuncs_end__ = .
                0x00000000200017b4                __text_application_ram_end__ = .
                0x0000000008000170                __lma_ramfuncs_start__ = LOADADDR (text_application_ram)
                0x0000000008000170                __lma_ramfuncs_end__ = (LOADADDR (text_application_ram) + SIZEOF (text_application_ram))

.rodata         0x0000000008000170        0x0
                0x0000000008000170                __rodata_end__ = .

.text           0x0000000008000170     0x64a8
                0x0000000008000170                linker_code_begin = .
 *(SORT_BY_ALIGNMENT(.text*))
 .text.deregister_tm_clones
                0x0000000008000170       0x1c /Applications/ArmGNUToolchain/12.2.rel1/arm-none-eabi/bin/../lib/gcc/arm-none-eabi/12.2.1/thumb/v8-m.main+fp/hard/crtbegin.o
 .text.register_tm_clones
                0x000000000800018c       0x28 /Applications/ArmGNUToolchain/12.2.rel1/arm-none-eabi/bin/../lib/gcc/arm-none-eabi/12.2.1/thumb/v8-m.main+fp/hard/crtbegin.o
 .text.__do_global_dtors_aux
                0x00000000080001b4       0x28 /Applications/ArmGNUToolchain/12.2.rel1/arm-none-eabi/bin/../lib/gcc/arm-none-eabi/12.2.1/thumb/v8-m.main+fp/hard/crtbegin.o
 .text.frame_dummy
                0x00000000080001dc       0x24 /Applications/ArmGNUToolchain/12.2.rel1/arm-none-eabi/bin/../lib/gcc/arm-none-eabi/12.2.1/thumb/v8-m.main+fp/hard/crtbegin.o
 .text          0x0000000008000200       0x7c /Applications/ArmGNUToolchain/12.2.rel1/arm-none-eabi/bin/../lib/gcc/arm-none-eabi/12.2.1/../../../../arm-none-eabi/lib/thumb/v8-m.main+fp/hard/crt0.o
                0x0000000008000200                _stack_init
                0x0000000008000208                _mainCRTStartup
                0x0000000008000208                _start
 .text.app_init
                0x000000000800027c       0x20 ./03-app.o
                0x000000000800027c                app_init
 .text.task1_task
                0x000000000800029c       0x68 ./03-task1.o
 .text.task1_init
                0x0000000008000304       0x44 ./03-task1.o
                0x0000000008000304                task1_init
 .text.task2_init
                0x0000000008000348       0x44 ./03-task2.o
                0x0000000008000348                task2_init
 .text.sl_button_on_change
                0x000000000800038c       0x4c ./03-task2.o
                0x000000000800038c                sl_button_on_change
 .text.sl_simple_button_init_instances
                0x00000000080003d8       0x1c ./autogen/sl_simple_button_instances.o
                0x00000000080003d8                sl_simple_button_init_instances
 .text.sl_simple_led_init_instances
                0x00000000080003f4       0x1c ./autogen/sl_simple_led_instances.o
                0x00000000080003f4                sl_simple_led_init_instances
 .text.sl_board_init
                0x0000000008000410       0x14 ./simplicity_sdk_2025.6.2/hardware/board/src/sl_board_init.o
                0x0000000008000410                sl_board_init
 .text.sl_board_preinit
                0x0000000008000424        0xc ./simplicity_sdk_2025.6.2/hardware/board/src/sl_board_init.o
                0x0000000008000424                sl_board_preinit
 .text.CopyToRam
                0x0000000008000430       0x1c ./simplicity_sdk_2025.6.2/platform/Device/SiliconLabs/EFR32MG24/Source/startup_efr32mg24.o
                0x0000000008000430                CopyToRam
 .text.Reset_Handler
                0x000000000800044c       0x6c ./simplicity_sdk_2025.6.2/platform/Device/SiliconLabs/EFR32MG24/Source/startup_efr32mg24.o
                0x000000000800044c                Reset_Handler
 .text.SystemInit
                0x00000000080004b8       0x64 ./simplicity_sdk_2025.6.2/platform/Device/SiliconLabs/EFR32MG24/Source/system_efr32mg24.o
                0x00000000080004b8                SystemInit
 .text.SystemHFRCODPLLClockSet
                0x000000000800051c        0xc ./simplicity_sdk_2025.6.2/platform/Device/SiliconLabs/EFR32MG24/Source/system_efr32mg24.o
                0x000000000800051c                SystemHFRCODPLLClockSet
 .text.SystemHFXOClockSet
                0x0000000008000528       0x20 ./simplicity_sdk_2025.6.2/platform/Device/SiliconLabs/EFR32MG24/Source/system_efr32mg24.o
                0x0000000008000528                SystemHFXOClockSet
 .text.sl_simple_button_init
                0x0000000008000548       0x90 ./simplicity_sdk_2025.6.2/platform/driver/button/src/sl_simple_button.o
                0x0000000008000548                sl_simple_button_init
 .text.sl_gpio_dispatch_interrupt
                0x00000000080005d8       0x5c ./simplicity_sdk_2025.6.2/platform/driver/gpio/src/sl_gpio.o
 .text.sl_gpio_init
                0x0000000008000634       0x38 ./simplicity_sdk_2025.6.2/platform/driver/gpio/src/sl_gpio.o
                0x0000000008000634                sl_gpio_init
 .text.sl_gpio_set_pin_mode
                0x000000000800066c       0x80 ./simplicity_sdk_2025.6.2/platform/driver/gpio/src/sl_gpio.o
                0x000000000800066c                sl_gpio_set_pin_mode
 .text.sl_gpio_set_pin
                0x00000000080006ec       0x58 ./simplicity_sdk_2025.6.2/platform/driver/gpio/src/sl_gpio.o
                0x00000000080006ec                sl_gpio_set_pin
 .text.sl_gpio_clear_pin
                0x0000000008000744       0x5c ./simplicity_sdk_2025.6.2/platform/driver/gpio/src/sl_gpio.o
                0x0000000008000744                sl_gpio_clear_pin
 .text.sl_gpio_get_pin_output
                0x00000000080007a0       0x64 ./simplicity_sdk_2025.6.2/platform/driver/gpio/src/sl_gpio.o
                0x00000000080007a0                sl_gpio_get_pin_output
 .text.sl_gpio_get_pin_input
                0x0000000008000804       0x64 ./simplicity_sdk_2025.6.2/platform/driver/gpio/src/sl_gpio.o
                0x0000000008000804                sl_gpio_get_pin_input
 .text.sl_gpio_configure_external_interrupt
                0x0000000008000868       0xe0 ./simplicity_sdk_2025.6.2/platform/driver/gpio/src/sl_gpio.o
                0x0000000008000868                sl_gpio_configure_external_interrupt
 .text.sl_gpio_deconfigure_external_interrupt
                0x0000000008000948       0x4c ./simplicity_sdk_2025.6.2/platform/driver/gpio/src/sl_gpio.o
                0x0000000008000948                sl_gpio_deconfigure_external_interrupt
 .text.sl_gpio_configure_wakeup_em4_interrupt
                0x0000000008000994       0xb8 ./simplicity_sdk_2025.6.2/platform/driver/gpio/src/sl_gpio.o
                0x0000000008000994                sl_gpio_configure_wakeup_em4_interrupt
 .text.GPIO_EVEN_IRQHandler
                0x0000000008000a4c       0x20 ./simplicity_sdk_2025.6.2/platform/driver/gpio/src/sl_gpio.o
                0x0000000008000a4c                GPIO_EVEN_IRQHandler
 .text.GPIO_ODD_IRQHandler
                0x0000000008000a6c       0x20 ./simplicity_sdk_2025.6.2/platform/driver/gpio/src/sl_gpio.o
                0x0000000008000a6c                GPIO_ODD_IRQHandler
 .text.sl_simple_led_init
                0x0000000008000a8c       0x34 ./simplicity_sdk_2025.6.2/platform/driver/leddrv/src/sl_simple_led.o
                0x0000000008000a8c                sl_simple_led_init
 .text.EMU_VScaleGet
                0x0000000008000ac0       0x18 ./simplicity_sdk_2025.6.2/platform/emlib/src/em_cmu.o
 .text.dpllRefClkGet
                0x0000000008000ad8       0x48 ./simplicity_sdk_2025.6.2/platform/emlib/src/em_cmu.o
 .text.em23GrpaClkGet
                0x0000000008000b20       0x48 ./simplicity_sdk_2025.6.2/platform/emlib/src/em_cmu.o
 .text.em4GrpaClkGet
                0x0000000008000b68       0x48 ./simplicity_sdk_2025.6.2/platform/emlib/src/em_cmu.o
 .text.sysrtcClkGet
                0x0000000008000bb0       0x48 ./simplicity_sdk_2025.6.2/platform/emlib/src/em_cmu.o
 .text.traceClkGet
                0x0000000008000bf8       0x54 ./simplicity_sdk_2025.6.2/platform/emlib/src/em_cmu.o
 .text.em01GrpaClkGet
                0x0000000008000c4c       0x74 ./simplicity_sdk_2025.6.2/platform/emlib/src/em_cmu.o
 .text.em01GrpcClkGet
                0x0000000008000cc0       0x70 ./simplicity_sdk_2025.6.2/platform/emlib/src/em_cmu.o
 .text.eusart0ClkGet
                0x0000000008000d30       0x74 ./simplicity_sdk_2025.6.2/platform/emlib/src/em_cmu.o
 .text.iadcClkGet
                0x0000000008000da4       0x60 ./simplicity_sdk_2025.6.2/platform/emlib/src/em_cmu.o
 .text.wdog0ClkGet
                0x0000000008000e04       0x64 ./simplicity_sdk_2025.6.2/platform/emlib/src/em_cmu.o
 .text.wdog1ClkGet
                0x0000000008000e68       0x64 ./simplicity_sdk_2025.6.2/platform/emlib/src/em_cmu.o
 .text.vdac0ClkGet
                0x0000000008000ecc       0x70 ./simplicity_sdk_2025.6.2/platform/emlib/src/em_cmu.o
 .text.vdac1ClkGet
                0x0000000008000f3c       0x70 ./simplicity_sdk_2025.6.2/platform/emlib/src/em_cmu.o
 .text.pcnt0ClkGet
                0x0000000008000fac       0x4c ./simplicity_sdk_2025.6.2/platform/emlib/src/em_cmu.o
 .text.HFRCODPLLDevinfoGet
                0x0000000008000ff8      0x108 ./simplicity_sdk_2025.6.2/platform/emlib/src/em_cmu.o
 .text.CMU_ClockDivGet
                0x0000000008001100       0x78 ./simplicity_sdk_2025.6.2/platform/emlib/src/em_cmu.o
                0x0000000008001100                CMU_ClockDivGet
 .text.flashWaitStateControl
                0x0000000008001178       0x58 ./simplicity_sdk_2025.6.2/platform/emlib/src/em_cmu.o
 .text.CMU_ClockFreqGet
                0x00000000080011d0      0x210 ./simplicity_sdk_2025.6.2/platform/emlib/src/em_cmu.o
                0x00000000080011d0                CMU_ClockFreqGet
 .text.rhclkPrescOptimize
                0x00000000080013e0       0x20 ./simplicity_sdk_2025.6.2/platform/emlib/src/em_cmu.o
 .text.CMU_ClockSelectGet
                0x0000000008001400      0x208 ./simplicity_sdk_2025.6.2/platform/emlib/src/em_cmu.o
                0x0000000008001400                CMU_ClockSelectGet
 .text.sli_em_cmu_SYSTICEXTCLKENClear
                0x0000000008001608       0x30 ./simplicity_sdk_2025.6.2/platform/emlib/src/em_cmu.o
                0x0000000008001608                sli_em_cmu_SYSTICEXTCLKENClear
 .text.CMU_HFXOInit
                0x0000000008001638      0x224 ./simplicity_sdk_2025.6.2/platform/emlib/src/em_cmu.o
                0x0000000008001638                CMU_HFXOInit
 .text.CMU_HFXOCTuneDeltaGet
                0x000000000800185c        0xc ./simplicity_sdk_2025.6.2/platform/emlib/src/em_cmu.o
                0x000000000800185c                CMU_HFXOCTuneDeltaGet
 .text.CMU_LFXOInit
                0x0000000008001868       0xc4 ./simplicity_sdk_2025.6.2/platform/emlib/src/em_cmu.o
                0x0000000008001868                CMU_LFXOInit
 .text.CMU_LFXOPrecisionSet
                0x000000000800192c        0xc ./simplicity_sdk_2025.6.2/platform/emlib/src/em_cmu.o
                0x000000000800192c                CMU_LFXOPrecisionSet
 .text.CMU_HFXOPrecisionSet
                0x0000000008001938        0xc ./simplicity_sdk_2025.6.2/platform/emlib/src/em_cmu.o
                0x0000000008001938                CMU_HFXOPrecisionSet
 .text.CMU_LFRCOSetPrecision
                0x0000000008001944       0x80 ./simplicity_sdk_2025.6.2/platform/emlib/src/em_cmu.o
                0x0000000008001944                CMU_LFRCOSetPrecision
 .text.CMU_ClockDivSet
                0x00000000080019c4      0x12c ./simplicity_sdk_2025.6.2/platform/emlib/src/em_cmu.o
                0x00000000080019c4                CMU_ClockDivSet
 .text.sli_em_cmu_SYSCLKInitPreClockSelect
                0x0000000008001af0       0x30 ./simplicity_sdk_2025.6.2/platform/emlib/src/em_cmu.o
                0x0000000008001af0                sli_em_cmu_SYSCLKInitPreClockSelect
 .text.pclkDivOptimize
                0x0000000008001b20       0x24 ./simplicity_sdk_2025.6.2/platform/emlib/src/em_cmu.o
 .text.sli_em_cmu_SYSCLKInitPostClockSelect
                0x0000000008001b44       0x40 ./simplicity_sdk_2025.6.2/platform/emlib/src/em_cmu.o
                0x0000000008001b44                sli_em_cmu_SYSCLKInitPostClockSelect
 .text.CMU_HFRCODPLLBandSet
                0x0000000008001b84      0x11c ./simplicity_sdk_2025.6.2/platform/emlib/src/em_cmu.o
                0x0000000008001b84                CMU_HFRCODPLLBandSet
 .text.CMU_HFRCOEM23BandSet
                0x0000000008001ca0      0x168 ./simplicity_sdk_2025.6.2/platform/emlib/src/em_cmu.o
                0x0000000008001ca0                CMU_HFRCOEM23BandSet
 .text.EMU_DCDCSync
                0x0000000008001e08       0x10 ./simplicity_sdk_2025.6.2/platform/emlib/src/em_emu.o
 .text.EMU_EM4Init
                0x0000000008001e18       0x14 ./simplicity_sdk_2025.6.2/platform/emlib/src/em_emu.o
                0x0000000008001e18                EMU_EM4Init
 .text.EMU_VScaleEM01
                0x0000000008001e2c       0xa8 ./simplicity_sdk_2025.6.2/platform/emlib/src/em_emu.o
                0x0000000008001e2c                EMU_VScaleEM01
 .text.EMU_VScaleEM01ByClock
                0x0000000008001ed4       0x30 ./simplicity_sdk_2025.6.2/platform/emlib/src/em_emu.o
                0x0000000008001ed4                EMU_VScaleEM01ByClock
 .text.EMU_DCDCModeSet
                0x0000000008001f04       0xac ./simplicity_sdk_2025.6.2/platform/emlib/src/em_emu.o
                0x0000000008001f04                EMU_DCDCModeSet
 .text.EMU_DCDCInit
                0x0000000008001fb0       0x70 ./simplicity_sdk_2025.6.2/platform/emlib/src/em_emu.o
                0x0000000008001fb0                EMU_DCDCInit
 .text.EMU_DCDCSetPFMXModePeakCurrent
                0x0000000008002020       0x6c ./simplicity_sdk_2025.6.2/platform/emlib/src/em_emu.o
                0x0000000008002020                EMU_DCDCSetPFMXModePeakCurrent
 .text.sl_hal_gpio_clear_pin
                0x000000000800208c       0x54 ./simplicity_sdk_2025.6.2/platform/peripheral/src/sl_hal_gpio.o
                0x000000000800208c                sl_hal_gpio_clear_pin
 .text.sl_hal_gpio_get_pin_input
                0x00000000080020e0       0x58 ./simplicity_sdk_2025.6.2/platform/peripheral/src/sl_hal_gpio.o
                0x00000000080020e0                sl_hal_gpio_get_pin_input
 .text.sl_hal_gpio_get_pin_output
                0x0000000008002138       0x58 ./simplicity_sdk_2025.6.2/platform/peripheral/src/sl_hal_gpio.o
                0x0000000008002138                sl_hal_gpio_get_pin_output
 .text.sl_hal_gpio_get_enabled_pending_interrupts
                0x0000000008002190       0x14 ./simplicity_sdk_2025.6.2/platform/peripheral/src/sl_hal_gpio.o
                0x0000000008002190                sl_hal_gpio_get_enabled_pending_interrupts
 .text.sl_hal_gpio_get_em4_interrupt_number
                0x00000000080021a4       0x80 ./simplicity_sdk_2025.6.2/platform/peripheral/src/sl_hal_gpio.o
                0x00000000080021a4                sl_hal_gpio_get_em4_interrupt_number
 .text.sl_hal_gpio_set_pin_em4_retention
                0x0000000008002224       0x20 ./simplicity_sdk_2025.6.2/platform/peripheral/src/sl_hal_gpio.o
                0x0000000008002224                sl_hal_gpio_set_pin_em4_retention
 .text.sl_hal_gpio_set_pin_mode
                0x0000000008002244       0xd0 ./simplicity_sdk_2025.6.2/platform/peripheral/src/sl_hal_gpio.o
                0x0000000008002244                sl_hal_gpio_set_pin_mode
 .text.sl_hal_gpio_configure_external_interrupt
                0x0000000008002314      0x178 ./simplicity_sdk_2025.6.2/platform/peripheral/src/sl_hal_gpio.o
                0x0000000008002314                sl_hal_gpio_configure_external_interrupt
 .text.sl_hal_gpio_enable_pin_em4_wakeup
                0x000000000800248c       0x68 ./simplicity_sdk_2025.6.2/platform/peripheral/src/sl_hal_gpio.o
                0x000000000800248c                sl_hal_gpio_enable_pin_em4_wakeup
 .text.sl_hal_gpio_configure_wakeup_em4_external_interrupt
                0x00000000080024f4       0x8c ./simplicity_sdk_2025.6.2/platform/peripheral/src/sl_hal_gpio.o
                0x00000000080024f4                sl_hal_gpio_configure_wakeup_em4_external_interrupt
 .text.sl_hal_sysrtc_wait_ready
                0x0000000008002580       0x1c ./simplicity_sdk_2025.6.2/platform/peripheral/src/sl_hal_sysrtc.o
                0x0000000008002580                sl_hal_sysrtc_wait_ready
 .text.sl_hal_sysrtc_stop
                0x000000000800259c       0x28 ./simplicity_sdk_2025.6.2/platform/peripheral/src/sl_hal_sysrtc.o
                0x000000000800259c                sl_hal_sysrtc_stop
 .text.sl_hal_sysrtc_enable
                0x00000000080025c4       0x18 ./simplicity_sdk_2025.6.2/platform/peripheral/src/sl_hal_sysrtc.o
                0x00000000080025c4                sl_hal_sysrtc_enable
 .text.sl_hal_sysrtc_disable
                0x00000000080025dc       0x1c ./simplicity_sdk_2025.6.2/platform/peripheral/src/sl_hal_sysrtc.o
                0x00000000080025dc                sl_hal_sysrtc_disable
 .text.sl_hal_sysrtc_init
                0x00000000080025f8       0x24 ./simplicity_sdk_2025.6.2/platform/peripheral/src/sl_hal_sysrtc.o
                0x00000000080025f8                sl_hal_sysrtc_init
 .text.sl_hal_sysrtc_init_group
                0x000000000800261c       0x44 ./simplicity_sdk_2025.6.2/platform/peripheral/src/sl_hal_sysrtc.o
                0x000000000800261c                sl_hal_sysrtc_init_group
 .text.sli_clock_manager_hal_init
                0x0000000008002660      0x268 ./simplicity_sdk_2025.6.2/platform/service/clock_manager/src/sl_clock_manager_init_hal_s2.o
                0x0000000008002660                sli_clock_manager_hal_init
 .text.sl_device_init_dcdc
                0x00000000080028c8       0x2c ./simplicity_sdk_2025.6.2/platform/service/device_init/src/sl_device_init_dcdc_s2.o
                0x00000000080028c8                sl_device_init_dcdc
 .text.sl_device_init_emu
                0x00000000080028f4       0x24 ./simplicity_sdk_2025.6.2/platform/service/device_init/src/sl_device_init_emu_s2.o
                0x00000000080028f4                sl_device_init_emu
 .text.sl_interrupt_manager_enable_irq
                0x0000000008002918       0x34 ./simplicity_sdk_2025.6.2/platform/service/interrupt_manager/src/sl_interrupt_manager_cortexm.o
                0x0000000008002918                sl_interrupt_manager_enable_irq
 .text.sl_interrupt_manager_is_irq_disabled
                0x000000000800294c       0x30 ./simplicity_sdk_2025.6.2/platform/service/interrupt_manager/src/sl_interrupt_manager_cortexm.o
                0x000000000800294c                sl_interrupt_manager_is_irq_disabled
 .text.sl_interrupt_manager_clear_irq_pending
                0x000000000800297c       0x1c ./simplicity_sdk_2025.6.2/platform/service/interrupt_manager/src/sl_interrupt_manager_cortexm.o
                0x000000000800297c                sl_interrupt_manager_clear_irq_pending
 .text.sl_interrupt_manager_set_irq_priority
                0x0000000008002998       0x54 ./simplicity_sdk_2025.6.2/platform/service/interrupt_manager/src/sl_interrupt_manager_cortexm.o
                0x0000000008002998                sl_interrupt_manager_set_irq_priority
 .text.sl_interrupt_manager_init
                0x00000000080029ec       0x34 ./simplicity_sdk_2025.6.2/platform/service/interrupt_manager/src/sl_interrupt_manager_cortexm.o
                0x00000000080029ec                sl_interrupt_manager_init
 .text.sl_memory_init
                0x0000000008002a20       0x20 ./simplicity_sdk_2025.6.2/platform/service/memory_manager/src/sl_memory_manager.o
                0x0000000008002a20                sl_memory_init
 .text.sl_memory_heap_alloc_advanced
                0x0000000008002a40      0x204 ./simplicity_sdk_2025.6.2/platform/service/memory_manager/src/sl_memory_manager.o
                0x0000000008002a40                sl_memory_heap_alloc_advanced
 .text.sl_memory_alloc_advanced
                0x0000000008002c44       0x1c ./simplicity_sdk_2025.6.2/platform/service/memory_manager/src/sl_memory_manager.o
                0x0000000008002c44                sl_memory_alloc_advanced
 .text.sl_memory_heap_free
                0x0000000008002c60      0x1dc ./simplicity_sdk_2025.6.2/platform/service/memory_manager/src/sl_memory_manager.o
                0x0000000008002c60                sl_memory_heap_free
 .text.sl_memory_get_heap_region
                0x0000000008002e3c       0x14 ./simplicity_sdk_2025.6.2/platform/service/memory_manager/src/sl_memory_manager_region.o
                0x0000000008002e3c                sl_memory_get_heap_region
 .text.sli_memory_find_head_free_block
                0x0000000008002e50       0x58 ./simplicity_sdk_2025.6.2/platform/service/memory_manager/src/sli_memory_manager_common.o
                0x0000000008002e50                sli_memory_find_head_free_block
 .text.sli_memory_create_heap
                0x0000000008002ea8       0x58 ./simplicity_sdk_2025.6.2/platform/service/memory_manager/src/sli_memory_manager_common.o
                0x0000000008002ea8                sli_memory_create_heap
 .text.sli_memory_get_heap_handle
                0x0000000008002f00        0x8 ./simplicity_sdk_2025.6.2/platform/service/memory_manager/src/sli_memory_manager_common.o
                0x0000000008002f00                sli_memory_get_heap_handle
 .text.start_task_handler
                0x0000000008002f08       0x18 ./simplicity_sdk_2025.6.2/platform/service/sl_main/src/sl_main_kernel.o
 .text.sli_main_kernel_start_task_initialize
                0x0000000008002f20       0x34 ./simplicity_sdk_2025.6.2/platform/service/sl_main/src/sl_main_kernel.o
                0x0000000008002f20                sli_main_kernel_start_task_initialize
 .text.sl_sleeptimer_init
                0x0000000008002f54       0x74 ./simplicity_sdk_2025.6.2/platform/service/sleeptimer/src/sl_sleeptimer.o
                0x0000000008002f54                sl_sleeptimer_init
 .text.sleeptimer_hal_init_timer
                0x0000000008002fc8       0x6c ./simplicity_sdk_2025.6.2/platform/service/sleeptimer/src/sl_sleeptimer_hal_sysrtc.o
                0x0000000008002fc8                sleeptimer_hal_init_timer
 .text.vApplicationStackOverflowHook
                0x0000000008003034       0x10 ./simplicity_sdk_2025.6.2/util/third_party/freertos/cmsis/Source/cmsis_os2.o
                0x0000000008003034                vApplicationStackOverflowHook
 .text.prvTaskExitError
                0x0000000008003044       0x30 ./simplicity_sdk_2025.6.2/util/third_party/freertos/kernel/portable/GCC/ARM_CM33_NTZ/non_secure/port.o
 .text.vPortValidateInterruptPriority
                0x0000000008003074       0x54 ./simplicity_sdk_2025.6.2/util/third_party/freertos/kernel/portable/GCC/ARM_CM33_NTZ/non_secure/port.o
                0x0000000008003074                vPortValidateInterruptPriority
 .text          0x00000000080030c8       0x30 /Applications/ArmGNUToolchain/12.2.rel1/arm-none-eabi/bin/../lib/gcc/arm-none-eabi/12.2.1/thumb/v8-m.main+fp/hard/libgcc.a(_aeabi_uldivmod.o)
                0x00000000080030c8                __aeabi_uldivmod
 .text.__udivmoddi4
                0x00000000080030f8      0x2ec /Applications/ArmGNUToolchain/12.2.rel1/arm-none-eabi/bin/../lib/gcc/arm-none-eabi/12.2.1/thumb/v8-m.main+fp/hard/libgcc.a(_udivmoddi4.o)
                0x00000000080030f8                __udivmoddi4
 .text          0x00000000080033e4        0x4 /Applications/ArmGNUToolchain/12.2.rel1/arm-none-eabi/bin/../lib/gcc/arm-none-eabi/12.2.1/thumb/v8-m.main+fp/hard/libgcc.a(_dvmd_tls.o)
                0x00000000080033e4                __aeabi_ldiv0
                0x00000000080033e4                __aeabi_idiv0
 .text.exit     0x00000000080033e8       0x24 /Applications/ArmGNUToolchain/12.2.rel1/arm-none-eabi/bin/../lib/gcc/arm-none-eabi/12.2.1/../../../../arm-none-eabi/lib/thumb/v8-m.main+fp/hard/libc_nano.a(libc_a-exit.o)
                0x00000000080033e8                exit
 .text.__libc_init_array
                0x000000000800340c       0x48 /Applications/ArmGNUToolchain/12.2.rel1/arm-none-eabi/bin/../lib/gcc/arm-none-eabi/12.2.1/../../../../arm-none-eabi/lib/thumb/v8-m.main+fp/hard/libc_nano.a(libc_a-init.o)
                0x000000000800340c                __libc_init_array
 .text.task2_task
                0x0000000008003454        0xa ./03-task2.o
 .text.startup.main
                0x000000000800345e       0x18 ./main.o
                0x000000000800345e                main
 .text.sl_board_default_init
                0x0000000008003476        0x2 ./autogen/sl_board_default_init.o
                0x0000000008003476                sl_board_default_init
 .text.sli_driver_permanent_allocation
                0x0000000008003478        0x2 ./autogen/sl_event_handler.o
                0x0000000008003478                sli_driver_permanent_allocation
 .text.sli_service_permanent_allocation
                0x000000000800347a        0x2 ./autogen/sl_event_handler.o
                0x000000000800347a                sli_service_permanent_allocation
 .text.sli_stack_permanent_allocation
                0x000000000800347c        0x2 ./autogen/sl_event_handler.o
                0x000000000800347c                sli_stack_permanent_allocation
 .text.sli_internal_permanent_allocation
                0x000000000800347e        0x2 ./autogen/sl_event_handler.o
                0x000000000800347e                sli_internal_permanent_allocation
 .text.sl_platform_init
                0x0000000008003480       0x12 ./autogen/sl_event_handler.o
                0x0000000008003480                sl_platform_init
 .text.sli_internal_init_early
                0x0000000008003492        0x2 ./autogen/sl_event_handler.o
                0x0000000008003492                sli_internal_init_early
 .text.sl_kernel_start
                0x0000000008003494        0x4 ./autogen/sl_event_handler.o
                0x0000000008003494                sl_kernel_start
 .text.sl_driver_init
                0x0000000008003498       0x12 ./autogen/sl_event_handler.o
                0x0000000008003498                sl_driver_init
 .text.sl_service_init
                0x00000000080034aa        0x4 ./autogen/sl_event_handler.o
                0x00000000080034aa                sl_service_init
 .text.sl_stack_init
                0x00000000080034ae        0x2 ./autogen/sl_event_handler.o
                0x00000000080034ae                sl_stack_init
 .text.sl_internal_app_init
                0x00000000080034b0        0x2 ./autogen/sl_event_handler.o
                0x00000000080034b0                sl_internal_app_init
 .text.sl_board_configure_vcom
                0x00000000080034b2        0x4 ./simplicity_sdk_2025.6.2/hardware/board/src/sl_board_control_gpio.o
                0x00000000080034b2                sl_board_configure_vcom
 .text.Default_Handler
                0x00000000080034b6        0x2 ./simplicity_sdk_2025.6.2/platform/Device/SiliconLabs/EFR32MG24/Source/startup_efr32mg24.o
                0x00000000080034b6                MPAHBRAM_IRQHandler
                0x00000000080034b6                AHB2AHB1_IRQHandler
                0x00000000080034b6                SW2_IRQHandler
                0x00000000080034b6                TIMER2_IRQHandler
                0x00000000080034b6                DebugMon_Handler
                0x00000000080034b6                USART0_TX_IRQHandler
                0x00000000080034b6                IADC_IRQHandler
                0x00000000080034b6                EUSART0_TX_IRQHandler
                0x00000000080034b6                I2C0_IRQHandler
                0x00000000080034b6                LFXO_IRQHandler
                0x00000000080034b6                HardFault_Handler
                0x00000000080034b6                SMU_SECURE_IRQHandler
                0x00000000080034b6                SYSRTC_SEQ_IRQHandler
                0x00000000080034b6                EMUEFP_IRQHandler
                0x00000000080034b6                NMI_Handler
                0x00000000080034b6                SYNTH_IRQHandler
                0x00000000080034b6                HOSTMAILBOX_IRQHandler
                0x00000000080034b6                HFXO0_IRQHandler
                0x00000000080034b6                I2C1_IRQHandler
                0x00000000080034b6                WDOG0_IRQHandler
                0x00000000080034b6                TIMER3_IRQHandler
                0x00000000080034b6                SYSCFG_IRQHandler
                0x00000000080034b6                RFECA1_IRQHandler
                0x00000000080034b6                EMUDG_IRQHandler
                0x00000000080034b6                MSC_IRQHandler
                0x00000000080034b6                DPLL0_IRQHandler
                0x00000000080034b6                UsageFault_Handler
                0x00000000080034b6                WDOG1_IRQHandler
                0x00000000080034b6                M33CTI1_IRQHandler
                0x00000000080034b6                TIMER4_IRQHandler
                0x00000000080034b6                VDAC0_IRQHandler
                0x00000000080034b6                LDMA_IRQHandler
                0x00000000080034b6                SEMBTX_IRQHandler
                0x00000000080034b6                SW0_IRQHandler
                0x00000000080034b6                TIMER0_IRQHandler
                0x00000000080034b6                MVP_IRQHandler
                0x00000000080034b6                LETIMER0_IRQHandler
                0x00000000080034b6                EUSART1_RX_IRQHandler
                0x00000000080034b6                TIMER1_IRQHandler
                0x00000000080034b6                HFRCO0_IRQHandler
                0x00000000080034b6                SecureFault_Handler
                0x00000000080034b6                BUFC_IRQHandler
                0x00000000080034b6                DCDC_IRQHandler
                0x00000000080034b6                MODEM_IRQHandler
                0x00000000080034b6                Default_Handler
                0x00000000080034b6                RAC_SEQ_IRQHandler
                0x00000000080034b6                FRC_PRI_IRQHandler
                0x00000000080034b6                EMU_IRQHandler
                0x00000000080034b6                SW3_IRQHandler
                0x00000000080034b6                KERNEL0_IRQHandler
                0x00000000080034b6                FRC_IRQHandler
                0x00000000080034b6                PCNT0_IRQHandler
                0x00000000080034b6                KERNEL1_IRQHandler
                0x00000000080034b6                AGC_IRQHandler
                0x00000000080034b6                EUSART1_TX_IRQHandler
                0x00000000080034b6                KEYSCAN_IRQHandler
                0x00000000080034b6                sl_app_properties
                0x00000000080034b6                HFRCOEM23_IRQHandler
                0x00000000080034b6                BURTC_IRQHandler
                0x00000000080034b6                SEMBRX_IRQHandler
                0x00000000080034b6                RFECA0_IRQHandler
                0x00000000080034b6                LFRCO_IRQHandler
                0x00000000080034b6                VDAC1_IRQHandler
                0x00000000080034b6                ACMP0_IRQHandler
                0x00000000080034b6                USART0_RX_IRQHandler
                0x00000000080034b6                MemManage_Handler
                0x00000000080034b6                AHB2AHB0_IRQHandler
                0x00000000080034b6                SMU_S_PRIVILEGED_IRQHandler
                0x00000000080034b6                SW1_IRQHandler
                0x00000000080034b6                CMU_IRQHandler
                0x00000000080034b6                EUSART0_RX_IRQHandler
                0x00000000080034b6                RAC_RSM_IRQHandler
                0x00000000080034b6                SETAMPERHOST_IRQHandler
                0x00000000080034b6                AES_IRQHandler
                0x00000000080034b6                M33CTI0_IRQHandler
                0x00000000080034b6                ICACHE0_IRQHandler
                0x00000000080034b6                SMU_NS_PRIVILEGED_IRQHandler
                0x00000000080034b6                FPUEXH_IRQHandler
                0x00000000080034b6                PROTIMER_IRQHandler
                0x00000000080034b6                ACMP1_IRQHandler
                0x00000000080034b6                BusFault_Handler
                0x00000000080034b6                ULFRCO_IRQHandler
 .text.CopyMemory
                0x00000000080034b8       0x1a ./simplicity_sdk_2025.6.2/platform/Device/SiliconLabs/EFR32MG24/Source/startup_efr32mg24.o
                0x00000000080034b8                CopyMemory
 .text.assertEFM
                0x00000000080034d2        0x2 ./simplicity_sdk_2025.6.2/platform/common/src/sl_assert.o
                0x00000000080034d2                assertEFM
 .text._exit    0x00000000080034d4        0x2 ./simplicity_sdk_2025.6.2/platform/common/src/sl_syscalls.o
                0x00000000080034d4                _exit
 .text.sl_button_init
                0x00000000080034d6        0xa ./simplicity_sdk_2025.6.2/platform/driver/button/src/sl_button.o
                0x00000000080034d6                sl_button_init
 .text.sl_button_get_state
                0x00000000080034e0        0xa ./simplicity_sdk_2025.6.2/platform/driver/button/src/sl_button.o
                0x00000000080034e0                sl_button_get_state
 .text.sli_simple_button_on_change
                0x00000000080034ea       0x30 ./simplicity_sdk_2025.6.2/platform/driver/button/src/sl_simple_button.o
 .text.sl_simple_button_get_state
                0x000000000800351a        0x6 ./simplicity_sdk_2025.6.2/platform/driver/button/src/sl_simple_button.o
                0x000000000800351a                sl_simple_button_get_state
 .text.sl_simple_button_poll_step
                0x0000000008003520       0x58 ./simplicity_sdk_2025.6.2/platform/driver/button/src/sl_simple_button.o
                0x0000000008003520                sl_simple_button_poll_step
 .text.sl_simple_button_enable
                0x0000000008003578       0x12 ./simplicity_sdk_2025.6.2/platform/driver/button/src/sl_simple_button.o
                0x0000000008003578                sl_simple_button_enable
 .text.sl_simple_button_disable
                0x000000000800358a       0x1c ./simplicity_sdk_2025.6.2/platform/driver/button/src/sl_simple_button.o
                0x000000000800358a                sl_simple_button_disable
 .text.sl_led_init
                0x00000000080035a6        0x6 ./simplicity_sdk_2025.6.2/platform/driver/leddrv/src/sl_led.o
                0x00000000080035a6                sl_led_init
 .text.sl_led_turn_on
                0x00000000080035ac        0x6 ./simplicity_sdk_2025.6.2/platform/driver/leddrv/src/sl_led.o
                0x00000000080035ac                sl_led_turn_on
 .text.sl_led_turn_off
                0x00000000080035b2        0x6 ./simplicity_sdk_2025.6.2/platform/driver/leddrv/src/sl_led.o
                0x00000000080035b2                sl_led_turn_off
 .text.sl_simple_led_turn_on
                0x00000000080035b8       0x24 ./simplicity_sdk_2025.6.2/platform/driver/leddrv/src/sl_simple_led.o
                0x00000000080035b8                sl_simple_led_turn_on
 .text.sl_simple_led_turn_off
                0x00000000080035dc       0x24 ./simplicity_sdk_2025.6.2/platform/driver/leddrv/src/sl_simple_led.o
                0x00000000080035dc                sl_simple_led_turn_off
 .text.sl_simple_led_toggle
                0x0000000008003600       0x1a ./simplicity_sdk_2025.6.2/platform/driver/leddrv/src/sl_simple_led.o
                0x0000000008003600                sl_simple_led_toggle
 .text.sl_simple_led_get_state
                0x000000000800361a       0x2a ./simplicity_sdk_2025.6.2/platform/driver/leddrv/src/sl_simple_led.o
                0x000000000800361a                sl_simple_led_get_state
 .text.BUS_RegMaskedWrite
                0x0000000008003644       0x1e ./simplicity_sdk_2025.6.2/platform/emlib/src/em_cmu.o
 .text.waitStateMax
                0x0000000008003662       0x10 ./simplicity_sdk_2025.6.2/platform/emlib/src/em_cmu.o
 .text.CMU_UpdateWaitStates
                0x0000000008003672        0xc ./simplicity_sdk_2025.6.2/platform/emlib/src/em_cmu.o
                0x0000000008003672                CMU_UpdateWaitStates
 .text.pclkDivMax
                0x000000000800367e        0xa ./simplicity_sdk_2025.6.2/platform/emlib/src/em_cmu.o
 .text.EMU_EFPEM01VScale
                0x0000000008003688        0x2 ./simplicity_sdk_2025.6.2/platform/emlib/src/em_emu.o
                0x0000000008003688                EMU_EFPEM01VScale
 .text.EMU_DCDCUpdatedHook
                0x000000000800368a        0x2 ./simplicity_sdk_2025.6.2/platform/emlib/src/em_emu.o
                0x000000000800368a                EMU_DCDCUpdatedHook
 .text.sl_hal_bus_reg_write_mask
                0x000000000800368c       0x1e ./simplicity_sdk_2025.6.2/platform/peripheral/src/sl_hal_gpio.o
 .text.sl_hal_gpio_get_external_interrupt_number
                0x00000000080036aa       0x34 ./simplicity_sdk_2025.6.2/platform/peripheral/src/sl_hal_gpio.o
                0x00000000080036aa                sl_hal_gpio_get_external_interrupt_number
 .text.sl_clock_manager_runtime_init
                0x00000000080036de        0x4 ./simplicity_sdk_2025.6.2/platform/service/clock_manager/src/sl_clock_manager.o
                0x00000000080036de                sl_clock_manager_runtime_init
 .text.sli_clock_manager_hal_runtime_init
                0x00000000080036e2        0x4 ./simplicity_sdk_2025.6.2/platform/service/clock_manager/src/sl_clock_manager_hal_s2.o
                0x00000000080036e2                sli_clock_manager_hal_runtime_init
 .text.sl_clock_manager_init
                0x00000000080036e6        0x4 ./simplicity_sdk_2025.6.2/platform/service/clock_manager/src/sl_clock_manager_init.o
                0x00000000080036e6                sl_clock_manager_init
 .text.memory_manage_data_alignment
                0x00000000080036ea       0x76 ./simplicity_sdk_2025.6.2/platform/service/memory_manager/src/sl_memory_manager.o
 .text.sl_malloc
                0x0000000008003760       0x18 ./simplicity_sdk_2025.6.2/platform/service/memory_manager/src/sl_memory_manager.o
                0x0000000008003760                sl_malloc
 .text.sl_memory_free
                0x0000000008003778       0x12 ./simplicity_sdk_2025.6.2/platform/service/memory_manager/src/sl_memory_manager.o
                0x0000000008003778                sl_memory_free
 .text.sl_free  0x000000000800378a        0x4 ./simplicity_sdk_2025.6.2/platform/service/memory_manager/src/sl_memory_manager.o
                0x000000000800378a                sl_free
 .text.sli_memory_metadata_init
                0x000000000800378e        0x8 ./simplicity_sdk_2025.6.2/platform/service/memory_manager/src/sli_memory_manager_common.o
                0x000000000800378e                sli_memory_metadata_init
 .text.sli_memory_find_free_block
                0x0000000008003796       0x96 ./simplicity_sdk_2025.6.2/platform/service/memory_manager/src/sli_memory_manager_common.o
                0x0000000008003796                sli_memory_find_free_block
 .text.sli_update_free_list_heads
                0x000000000800382c       0x6c ./simplicity_sdk_2025.6.2/platform/service/memory_manager/src/sli_memory_manager_common.o
                0x000000000800382c                sli_update_free_list_heads
 .text.__wrap_main
                0x0000000008003898        0xc ./simplicity_sdk_2025.6.2/platform/service/sl_main/src/rtos/main_retarget.o
                0x0000000008003898                __wrap_main
 .text.app_init_pre_clock
                0x00000000080038a4        0x2 ./simplicity_sdk_2025.6.2/platform/service/sl_main/src/sl_main_init.o
                0x00000000080038a4                app_init_pre_clock
 .text.app_init_early
                0x00000000080038a6        0x2 ./simplicity_sdk_2025.6.2/platform/service/sl_main/src/sl_main_init.o
                0x00000000080038a6                app_init_early
 .text.app_process_action
                0x00000000080038a8        0x2 ./simplicity_sdk_2025.6.2/platform/service/sl_main/src/sl_main_init.o
                0x00000000080038a8                app_process_action
 .text.sl_main_second_stage_init
                0x00000000080038aa       0x1a ./simplicity_sdk_2025.6.2/platform/service/sl_main/src/sl_main_init.o
                0x00000000080038aa                sl_main_second_stage_init
 .text.sl_main_init
                0x00000000080038c4       0x36 ./simplicity_sdk_2025.6.2/platform/service/sl_main/src/sl_main_init.o
                0x00000000080038c4                sl_main_init
 .text.app_permanent_memory_alloc
                0x00000000080038fa        0x2 ./simplicity_sdk_2025.6.2/platform/service/sl_main/src/sl_main_init_memory.o
                0x00000000080038fa                app_permanent_memory_alloc
 .text.sli_allocate_permanent_memory
                0x00000000080038fc       0x18 ./simplicity_sdk_2025.6.2/platform/service/sl_main/src/sl_main_init_memory.o
                0x00000000080038fc                sli_allocate_permanent_memory
 .text.sl_main_kernel_start
                0x0000000008003914        0x4 ./simplicity_sdk_2025.6.2/platform/service/sl_main/src/sl_main_kernel.o
                0x0000000008003914                sl_main_kernel_start
 .text.sl_main_start_task_should_continue
                0x0000000008003918        0x4 ./simplicity_sdk_2025.6.2/platform/service/sl_main/src/sl_main_kernel.o
                0x0000000008003918                sl_main_start_task_should_continue
 .text.memset   0x000000000800391c       0x10 /Applications/ArmGNUToolchain/12.2.rel1/arm-none-eabi/bin/../lib/gcc/arm-none-eabi/12.2.1/../../../../arm-none-eabi/lib/thumb/v8-m.main+fp/hard/libc_nano.a(libc_a-memset.o)
                0x000000000800391c                memset
 .text.memcpy   0x000000000800392c       0x1a /Applications/ArmGNUToolchain/12.2.rel1/arm-none-eabi/bin/../lib/gcc/arm-none-eabi/12.2.1/../../../../arm-none-eabi/lib/thumb/v8-m.main+fp/hard/libc_nano.a(libc_a-memcpy-stub.o)
                0x000000000800392c                memcpy
 *(SORT_BY_ALIGNMENT(text_*))
 *fill*         0x0000000008003946        0x2 
 text_system_timecritical19225
                0x0000000008003948        0xc ./simplicity_sdk_2025.6.2/platform/Device/SiliconLabs/EFR32MG24/Source/system_efr32mg24.o
                0x0000000008003948                SystemHFRCODPLLClockGet
 text_system_timecritical20228
                0x0000000008003954       0x40 ./simplicity_sdk_2025.6.2/platform/Device/SiliconLabs/EFR32MG24/Source/system_efr32mg24.o
                0x0000000008003954                SystemSYSCLKGet
 text_system_timecritical16181
                0x0000000008003994       0x24 ./simplicity_sdk_2025.6.2/platform/Device/SiliconLabs/EFR32MG24/Source/system_efr32mg24.o
                0x0000000008003994                SystemHCLKGet
 text_system_timecritical21230
                0x00000000080039b8        0x8 ./simplicity_sdk_2025.6.2/platform/Device/SiliconLabs/EFR32MG24/Source/system_efr32mg24.o
                0x00000000080039b8                SystemMaxCoreClockGet
 text_system_timecritical22232
                0x00000000080039c0        0x8 ./simplicity_sdk_2025.6.2/platform/Device/SiliconLabs/EFR32MG24/Source/system_efr32mg24.o
                0x00000000080039c0                SystemFSRCOClockGet
 text_system_timecritical23234
                0x00000000080039c8        0xc ./simplicity_sdk_2025.6.2/platform/Device/SiliconLabs/EFR32MG24/Source/system_efr32mg24.o
                0x00000000080039c8                SystemHFXOClockGet
 text_system_timecritical24237
                0x00000000080039d4        0x8 ./simplicity_sdk_2025.6.2/platform/Device/SiliconLabs/EFR32MG24/Source/system_efr32mg24.o
                0x00000000080039d4                SystemCLKIN0Get
 text_system_timecritical25239
                0x00000000080039dc       0x90 ./simplicity_sdk_2025.6.2/platform/Device/SiliconLabs/EFR32MG24/Source/system_efr32mg24.o
                0x00000000080039dc                SystemHFRCOEM23ClockGet
 text_system_timecritical26241
                0x0000000008003a6c        0xc ./simplicity_sdk_2025.6.2/platform/Device/SiliconLabs/EFR32MG24/Source/system_efr32mg24.o
                0x0000000008003a6c                SystemLFXOClockGet
 text_gpio_timecritical39192
                0x0000000008003a78       0x5c ./simplicity_sdk_2025.6.2/platform/driver/gpio/src/sl_gpio.o
                0x0000000008003a78                sl_gpio_toggle_pin
 text_hal_gpio_timecritical29429
                0x0000000008003ad4       0x54 ./simplicity_sdk_2025.6.2/platform/peripheral/src/sl_hal_gpio.o
                0x0000000008003ad4                sl_hal_gpio_set_pin
 text_hal_gpio_timecritical30666
                0x0000000008003b28       0x54 ./simplicity_sdk_2025.6.2/platform/peripheral/src/sl_hal_gpio.o
                0x0000000008003b28                sl_hal_gpio_toggle_pin
 text_hal_sysrtc_timecritical29261
                0x0000000008003b7c       0x14 ./simplicity_sdk_2025.6.2/platform/peripheral/src/sl_hal_sysrtc.o
                0x0000000008003b7c                sl_hal_sysrtc_wait_sync
 text_hal_sysrtc_timecritical31625
                0x0000000008003b90       0x24 ./simplicity_sdk_2025.6.2/platform/peripheral/src/sl_hal_sysrtc.o
                0x0000000008003b90                sl_hal_sysrtc_wait_sync_group
 text_hal_sysrtc_timecritical32658
                0x0000000008003bb4       0x1c ./simplicity_sdk_2025.6.2/platform/peripheral/src/sl_hal_sysrtc.o
                0x0000000008003bb4                sl_hal_sysrtc_enable_group_interrupts
 text_hal_sysrtc_timecritical33674
                0x0000000008003bd0       0x1c ./simplicity_sdk_2025.6.2/platform/peripheral/src/sl_hal_sysrtc.o
                0x0000000008003bd0                sl_hal_sysrtc_disable_group_interrupts
 text_hal_sysrtc_timecritical34690
                0x0000000008003bec       0x1c ./simplicity_sdk_2025.6.2/platform/peripheral/src/sl_hal_sysrtc.o
                0x0000000008003bec                sl_hal_sysrtc_clear_group_interrupts
 text_hal_sysrtc_timecritical35709
                0x0000000008003c08       0x20 ./simplicity_sdk_2025.6.2/platform/peripheral/src/sl_hal_sysrtc.o
                0x0000000008003c08                sl_hal_sysrtc_get_group_interrupts
 text_hal_sysrtc_timecritical36758
                0x0000000008003c28       0x28 ./simplicity_sdk_2025.6.2/platform/peripheral/src/sl_hal_sysrtc.o
                0x0000000008003c28                sl_hal_sysrtc_get_group_compare_channel_value
 text_hal_sysrtc_timecritical37775
                0x0000000008003c50       0x28 ./simplicity_sdk_2025.6.2/platform/peripheral/src/sl_hal_sysrtc.o
                0x0000000008003c50                sl_hal_sysrtc_set_group_compare_channel_value
 text_clock_manager_timecritical2674
                0x0000000008003c78       0x54 ./simplicity_sdk_2025.6.2/platform/service/clock_manager/src/sl_clock_manager_hal_s2.o
                0x0000000008003c78                sli_clock_manager_hal_enable_bus_clock
 text_sleeptimer_timecritical66121
                0x0000000008003ccc       0x40 ./simplicity_sdk_2025.6.2/platform/service/sleeptimer/src/sl_sleeptimer.o
 text_sleeptimer_timecritical67125
                0x0000000008003d0c       0x3c ./simplicity_sdk_2025.6.2/platform/service/sleeptimer/src/sl_sleeptimer.o
 text_sleeptimer_timecritical69131
                0x0000000008003d48       0x34 ./simplicity_sdk_2025.6.2/platform/service/sleeptimer/src/sl_sleeptimer.o
 text_sleeptimer_timecritical68128
                0x0000000008003d7c       0x64 ./simplicity_sdk_2025.6.2/platform/service/sleeptimer/src/sl_sleeptimer.o
 text_sleeptimer_timecritical65151
                0x0000000008003de0      0x148 ./simplicity_sdk_2025.6.2/platform/service/sleeptimer/src/sl_sleeptimer.o
                0x0000000008003de0                process_timer_irq
 text_sleeptimer_timecritical6454
                0x0000000008003f28       0x10 ./simplicity_sdk_2025.6.2/platform/service/sleeptimer/src/sl_sleeptimer_hal_sysrtc.o
                0x0000000008003f28                sleeptimer_hal_get_counter
 text_sleeptimer_timecritical6885
                0x0000000008003f38       0x18 ./simplicity_sdk_2025.6.2/platform/service/sleeptimer/src/sl_sleeptimer_hal_sysrtc.o
                0x0000000008003f38                sleeptimer_hal_get_timer_frequency
 text_sleeptimer_timecritical6670
                0x0000000008003f50       0x70 ./simplicity_sdk_2025.6.2/platform/service/sleeptimer/src/sl_sleeptimer_hal_sysrtc.o
                0x0000000008003f50                sleeptimer_hal_set_compare
 text_sleeptimer_timecritical70101
                0x0000000008003fc0       0x24 ./simplicity_sdk_2025.6.2/platform/service/sleeptimer/src/sl_sleeptimer_hal_sysrtc.o
                0x0000000008003fc0                sleeptimer_hal_disable_int
 text_sleeptimer_timecritical71109
                0x0000000008003fe4       0x10 ./simplicity_sdk_2025.6.2/platform/service/sleeptimer/src/sl_sleeptimer_hal_sysrtc.o
                0x0000000008003fe4                sleeptimer_hal_set_int
 text_freertos_kernel_timecritical176205
                0x0000000008003ff4       0x2c ./simplicity_sdk_2025.6.2/util/third_party/freertos/cmsis/Source/cmsis_os2.o
                0x0000000008003ff4                osKernelInitialize
 text_freertos_kernel_timecritical179294
                0x0000000008004020       0x38 ./simplicity_sdk_2025.6.2/util/third_party/freertos/cmsis/Source/cmsis_os2.o
                0x0000000008004020                osKernelStart
 text_freertos_kernel_timecritical2513000
                0x0000000008004058       0x18 ./simplicity_sdk_2025.6.2/util/third_party/freertos/cmsis/Source/cmsis_os2.o
                0x0000000008004058                vApplicationGetIdleTaskMemory
 text_freertos_kernel_timecritical2523001
                0x0000000008004070       0x18 ./simplicity_sdk_2025.6.2/util/third_party/freertos/cmsis/Source/cmsis_os2.o
                0x0000000008004070                vApplicationGetTimerTaskMemory
 text_freertos_kernel_timecritical102687
                0x0000000008004088      0x13c ./simplicity_sdk_2025.6.2/util/third_party/freertos/kernel/queue.o
                0x0000000008004088                xQueueGenericSend
 text_freertos_kernel_timecritical105913
                0x00000000080041c4      0x108 ./simplicity_sdk_2025.6.2/util/third_party/freertos/kernel/queue.o
                0x00000000080041c4                xQueueReceive
 text_freertos_kernel_timecritical106930
                0x00000000080042cc       0x24 ./simplicity_sdk_2025.6.2/util/third_party/freertos/kernel/queue.o
                0x00000000080042cc                uxQueueMessagesWaiting
 text_freertos_kernel_timecritical1111454
                0x00000000080042f0       0x9c ./simplicity_sdk_2025.6.2/util/third_party/freertos/kernel/queue.o
                0x00000000080042f0                xQueueReceiveFromISR
 text_freertos_kernel_timecritical1241563
                0x000000000800438c       0x50 ./simplicity_sdk_2025.6.2/util/third_party/freertos/kernel/queue.o
                0x000000000800438c                vQueueAddToRegistry
 text_freertos_kernel_timecritical1311783
                0x00000000080043dc       0x88 ./simplicity_sdk_2025.6.2/util/third_party/freertos/kernel/queue.o
                0x00000000080043dc                xQueueGenericReset
 text_freertos_kernel_timecritical1271603
                0x0000000008004464       0x60 ./simplicity_sdk_2025.6.2/util/third_party/freertos/kernel/queue.o
                0x0000000008004464                xQueueGenericCreate
 text_freertos_kernel_timecritical1171504
                0x00000000080044c4       0x2c ./simplicity_sdk_2025.6.2/util/third_party/freertos/kernel/queue.o
                0x00000000080044c4                xQueueCreateCountingSemaphore
 text_freertos_kernel_timecritical1281616
                0x00000000080044f0       0x8c ./simplicity_sdk_2025.6.2/util/third_party/freertos/kernel/queue.o
                0x00000000080044f0                xQueueGenericCreateStatic
 text_freertos_kernel_timecritical128623
                0x000000000800457c       0x9c ./simplicity_sdk_2025.6.2/util/third_party/freertos/kernel/tasks.o
 text_freertos_kernel_timecritical131682
                0x0000000008004618       0x24 ./simplicity_sdk_2025.6.2/util/third_party/freertos/kernel/tasks.o
 text_freertos_kernel_timecritical126607
                0x000000000800463c       0x38 ./simplicity_sdk_2025.6.2/util/third_party/freertos/kernel/tasks.o
 text_freertos_kernel_timecritical127616
                0x0000000008004674       0x40 ./simplicity_sdk_2025.6.2/util/third_party/freertos/kernel/tasks.o
 text_freertos_kernel_timecritical133712
                0x00000000080046b4      0x100 ./simplicity_sdk_2025.6.2/util/third_party/freertos/kernel/tasks.o
 text_freertos_kernel_timecritical125593
                0x00000000080047b4       0x18 ./simplicity_sdk_2025.6.2/util/third_party/freertos/kernel/tasks.o
 text_freertos_kernel_timecritical132706
                0x00000000080047cc       0x90 ./simplicity_sdk_2025.6.2/util/third_party/freertos/kernel/tasks.o
 text_freertos_kernel_timecritical46507
                0x000000000800485c       0xa4 ./simplicity_sdk_2025.6.2/util/third_party/freertos/kernel/tasks.o
                0x000000000800485c                xTaskCreateStatic
 text_freertos_kernel_timecritical47794
                0x0000000008004900       0xa8 ./simplicity_sdk_2025.6.2/util/third_party/freertos/kernel/tasks.o
                0x0000000008004900                vTaskDelete
 text_freertos_kernel_timecritical551070
                0x00000000080049a8       0x94 ./simplicity_sdk_2025.6.2/util/third_party/freertos/kernel/tasks.o
                0x00000000080049a8                eTaskGetState
 text_freertos_kernel_timecritical611507
                0x0000000008004a3c       0x9c ./simplicity_sdk_2025.6.2/util/third_party/freertos/kernel/tasks.o
                0x0000000008004a3c                vTaskStartScheduler
 text_freertos_kernel_timecritical631618
                0x0000000008004ad8       0x10 ./simplicity_sdk_2025.6.2/util/third_party/freertos/kernel/tasks.o
                0x0000000008004ad8                vTaskSuspendAll
 text_freertos_kernel_timecritical651691
                0x0000000008004ae8        0xc ./simplicity_sdk_2025.6.2/util/third_party/freertos/kernel/tasks.o
                0x0000000008004ae8                xTaskGetTickCount
 text_freertos_kernel_timecritical671725
                0x0000000008004af4        0xc ./simplicity_sdk_2025.6.2/util/third_party/freertos/kernel/tasks.o
                0x0000000008004af4                uxTaskGetNumberOfTasks
 text_freertos_kernel_timecritical833471
                0x0000000008004b00      0x17c ./simplicity_sdk_2025.6.2/util/third_party/freertos/kernel/tasks.o
                0x0000000008004b00                xTaskIncrementTick
 text_freertos_kernel_timecritical641674
                0x0000000008004c7c      0x148 ./simplicity_sdk_2025.6.2/util/third_party/freertos/kernel/tasks.o
                0x0000000008004c7c                xTaskResumeAll
 text_freertos_kernel_timecritical48848
                0x0000000008004dc4       0x40 ./simplicity_sdk_2025.6.2/util/third_party/freertos/kernel/tasks.o
                0x0000000008004dc4                vTaskDelay
 text_freertos_kernel_timecritical843505
                0x0000000008004e04       0x34 ./simplicity_sdk_2025.6.2/util/third_party/freertos/kernel/tasks.o
                0x0000000008004e04                vTaskPlaceOnEventList
 text_freertos_kernel_timecritical863523
                0x0000000008004e38       0x5c ./simplicity_sdk_2025.6.2/util/third_party/freertos/kernel/tasks.o
                0x0000000008004e38                vTaskPlaceOnEventListRestricted
 text_freertos_kernel_timecritical873549
                0x0000000008004e94       0xc4 ./simplicity_sdk_2025.6.2/util/third_party/freertos/kernel/tasks.o
                0x0000000008004e94                xTaskRemoveFromEventList
 text_freertos_kernel_timecritical893562
                0x0000000008004f58       0xa8 ./simplicity_sdk_2025.6.2/util/third_party/freertos/kernel/tasks.o
                0x0000000008004f58                vTaskSwitchContext
 text_freertos_kernel_timecritical933587
                0x0000000008005000        0xc ./simplicity_sdk_2025.6.2/util/third_party/freertos/kernel/tasks.o
                0x0000000008005000                vTaskMissedYield
 text_freertos_kernel_timecritical943593
                0x000000000800500c       0x20 ./simplicity_sdk_2025.6.2/util/third_party/freertos/kernel/tasks.o
                0x000000000800500c                xTaskGetSchedulerState
 text_freertos_kernel_timecritical963605
                0x000000000800502c       0x8c ./simplicity_sdk_2025.6.2/util/third_party/freertos/kernel/tasks.o
                0x000000000800502c                xTaskPriorityDisinherit
 text_freertos_kernel_timecritical1013674
                0x00000000080050b8       0x18 ./simplicity_sdk_2025.6.2/util/third_party/freertos/kernel/tasks.o
                0x00000000080050b8                vTaskInternalSetTimeOutState
 text_freertos_kernel_timecritical803402
                0x00000000080050d0       0x84 ./simplicity_sdk_2025.6.2/util/third_party/freertos/kernel/tasks.o
                0x00000000080050d0                xTaskCheckForTimeOut
 text_freertos_kernel_timecritical161174
                0x0000000008005154       0x3c ./simplicity_sdk_2025.6.2/util/third_party/freertos/kernel/timers.o
 text_freertos_kernel_timecritical163190
                0x0000000008005190       0x40 ./simplicity_sdk_2025.6.2/util/third_party/freertos/kernel/timers.o
 text_freertos_kernel_timecritical165202
                0x00000000080051d0       0x4c ./simplicity_sdk_2025.6.2/util/third_party/freertos/kernel/timers.o
 text_freertos_kernel_timecritical158152
                0x000000000800521c       0x68 ./simplicity_sdk_2025.6.2/util/third_party/freertos/kernel/timers.o
 text_freertos_kernel_timecritical159159
                0x0000000008005284      0x16c ./simplicity_sdk_2025.6.2/util/third_party/freertos/kernel/timers.o
 text_freertos_kernel_timecritical1521348
                0x00000000080053f0       0x64 ./simplicity_sdk_2025.6.2/util/third_party/freertos/kernel/timers.o
                0x00000000080053f0                xTimerCreateTimerTask
 text_freertos_kernel_timecritical29131
                0x0000000008005454       0x70 ./simplicity_sdk_2025.6.2/util/third_party/freertos/kernel/portable/GCC/ARM_CM33_NTZ/non_secure/port.o
                0x0000000008005454                pxPortInitialiseStack
 text_freertos_kernel_timecritical111413
                0x00000000080054c4       0x28 ./simplicity_sdk_2025.6.2/util/third_party/freertos/kernel/portable/GCC/ARM_CM33_NTZ/non_secure/port.o
                0x00000000080054c4                vPortSetupTimerInterrupt
 text_freertos_kernel_timecritical38218
                0x00000000080054ec      0x100 ./simplicity_sdk_2025.6.2/util/third_party/freertos/kernel/portable/GCC/ARM_CM33_NTZ/non_secure/port.o
                0x00000000080054ec                xPortStartScheduler
 text_freertos_kernel_timecritical113431
                0x00000000080055ec       0x1c ./simplicity_sdk_2025.6.2/util/third_party/freertos/kernel/portable/GCC/ARM_CM33_NTZ/non_secure/port.o
                0x00000000080055ec                vPortEnterCritical
 text_freertos_kernel_timecritical114436
                0x0000000008005608       0x30 ./simplicity_sdk_2025.6.2/util/third_party/freertos/kernel/portable/GCC/ARM_CM33_NTZ/non_secure/port.o
                0x0000000008005608                vPortExitCritical
 text_freertos_kernel_timecritical116446
                0x0000000008005638       0x38 ./simplicity_sdk_2025.6.2/util/third_party/freertos/kernel/portable/GCC/ARM_CM33_NTZ/non_secure/port.o
                0x0000000008005638                vPortSVCHandler_C
 text_freertos_kernel_timecritical4042
                0x0000000008005670       0x2c ./simplicity_sdk_2025.6.2/util/third_party/freertos/kernel/portable/GCC/ARM_CM33_NTZ/non_secure/portasm.o
                0x0000000008005670                vRestoreContextOfFirstTask
 text_freertos_kernel_timecritical4277
                0x000000000800569c       0x20 ./simplicity_sdk_2025.6.2/util/third_party/freertos/kernel/portable/GCC/ARM_CM33_NTZ/non_secure/portasm.o
                0x000000000800569c                vStartFirstTask
 text_freertos_kernel_timecritical4592
                0x00000000080056bc       0x5c ./simplicity_sdk_2025.6.2/util/third_party/freertos/kernel/portable/GCC/ARM_CM33_NTZ/non_secure/portasm.o
                0x00000000080056bc                PendSV_Handler
 text_freertos_kernel_timecritical4697
                0x0000000008005718       0x18 ./simplicity_sdk_2025.6.2/util/third_party/freertos/kernel/portable/GCC/ARM_CM33_NTZ/non_secure/portasm.o
                0x0000000008005718                SVC_Handler
 text_system_timecritical27244
                0x0000000008005730        0x6 ./simplicity_sdk_2025.6.2/platform/Device/SiliconLabs/EFR32MG24/Source/system_efr32mg24.o
                0x0000000008005730                SystemLFRCOClockGet
 text_system_timecritical28246
                0x0000000008005736        0x6 ./simplicity_sdk_2025.6.2/platform/Device/SiliconLabs/EFR32MG24/Source/system_efr32mg24.o
                0x0000000008005736                SystemULFRCOClockGet
 text_core_timecritical2307
                0x000000000800573c        0xa ./simplicity_sdk_2025.6.2/platform/common/src/sl_core_cortexm.o
                0x000000000800573c                CORE_ExitCritical
 text_core_timecritical4331
                0x0000000008005746        0x8 ./simplicity_sdk_2025.6.2/platform/common/src/sl_core_cortexm.o
                0x0000000008005746                CORE_EnterCritical
 text_core_timecritical7363
                0x000000000800574e        0xa ./simplicity_sdk_2025.6.2/platform/common/src/sl_core_cortexm.o
                0x000000000800574e                CORE_ExitAtomic
 text_core_timecritical9387
                0x0000000008005758        0xc ./simplicity_sdk_2025.6.2/platform/common/src/sl_core_cortexm.o
                0x0000000008005758                CORE_EnterAtomic
 text_clock_manager_timecritical1352
                0x0000000008005764        0xa ./simplicity_sdk_2025.6.2/platform/service/clock_manager/src/sl_clock_manager.o
                0x0000000008005764                sl_clock_manager_get_clock_branch_frequency
 text_clock_manager_timecritical2380
                0x000000000800576e        0x6 ./simplicity_sdk_2025.6.2/platform/service/clock_manager/src/sl_clock_manager.o
                0x000000000800576e                sl_clock_manager_enable_bus_clock
 text_clock_manager_timecritical2561
                0x0000000008005774       0xc4 ./simplicity_sdk_2025.6.2/platform/service/clock_manager/src/sl_clock_manager_hal_s2.o
                0x0000000008005774                sli_clock_manager_hal_get_clock_branch_frequency
 text_sleeptimer_timecritical6562
                0x0000000008005838        0x8 ./simplicity_sdk_2025.6.2/platform/service/sleeptimer/src/sl_sleeptimer_hal_sysrtc.o
                0x0000000008005838                sleeptimer_hal_get_compare
 text_sleeptimer_timecritical6993
                0x0000000008005840       0x12 ./simplicity_sdk_2025.6.2/platform/service/sleeptimer/src/sl_sleeptimer_hal_sysrtc.o
                0x0000000008005840                sleeptimer_hal_enable_int
 text_sleeptimer_timecritical86325
                0x0000000008005852       0x34 ./simplicity_sdk_2025.6.2/platform/service/sleeptimer/src/sl_sleeptimer_hal_sysrtc.o
                0x0000000008005852                SYSRTC_APP_IRQHandler
 text_freertos_kernel_timecritical175172
                0x0000000008005886       0x2a ./simplicity_sdk_2025.6.2/util/third_party/freertos/cmsis/Source/cmsis_os2.o
 text_freertos_kernel_timecritical173149
                0x00000000080058b0       0x1a ./simplicity_sdk_2025.6.2/util/third_party/freertos/cmsis/Source/cmsis_os2.o
                0x00000000080058b0                SysTick_Handler
 text_freertos_kernel_timecritical187518
                0x00000000080058ca       0xa6 ./simplicity_sdk_2025.6.2/util/third_party/freertos/cmsis/Source/cmsis_os2.o
                0x00000000080058ca                osThreadNew
 text_freertos_kernel_timecritical198840
                0x0000000008005970       0x34 ./simplicity_sdk_2025.6.2/util/third_party/freertos/cmsis/Source/cmsis_os2.o
                0x0000000008005970                osThreadTerminate
 text_freertos_kernel_timecritical40436
                0x00000000080059a4       0x16 ./simplicity_sdk_2025.6.2/util/third_party/freertos/kernel/list.o
                0x00000000080059a4                vListInitialise
 text_freertos_kernel_timecritical41447
                0x00000000080059ba        0x6 ./simplicity_sdk_2025.6.2/util/third_party/freertos/kernel/list.o
                0x00000000080059ba                vListInitialiseItem
 text_freertos_kernel_timecritical42461
                0x00000000080059c0       0x2e ./simplicity_sdk_2025.6.2/util/third_party/freertos/kernel/list.o
                0x00000000080059c0                vListInsert
 text_freertos_kernel_timecritical43483
                0x00000000080059ee       0x16 ./simplicity_sdk_2025.6.2/util/third_party/freertos/kernel/list.o
                0x00000000080059ee                vListInsertEnd
 text_freertos_kernel_timecritical44498
                0x0000000008005a04       0x1e ./simplicity_sdk_2025.6.2/util/third_party/freertos/kernel/list.o
                0x0000000008005a04                uxListRemove
 text_freertos_kernel_timecritical137178
                0x0000000008005a22       0x70 ./simplicity_sdk_2025.6.2/util/third_party/freertos/kernel/queue.o
 text_freertos_kernel_timecritical138185
                0x0000000008005a92       0x16 ./simplicity_sdk_2025.6.2/util/third_party/freertos/kernel/queue.o
 text_freertos_kernel_timecritical140200
                0x0000000008005aa8       0x66 ./simplicity_sdk_2025.6.2/util/third_party/freertos/kernel/queue.o
 text_freertos_kernel_timecritical141206
                0x0000000008005b0e       0x2c ./simplicity_sdk_2025.6.2/util/third_party/freertos/kernel/queue.o
 text_freertos_kernel_timecritical1301781
                0x0000000008005b3a       0x46 ./simplicity_sdk_2025.6.2/util/third_party/freertos/kernel/queue.o
                0x0000000008005b3a                vQueueWaitForMessageRestricted
 text_freertos_kernel_timecritical45379
                0x0000000008005b80       0x5c ./simplicity_sdk_2025.6.2/util/third_party/freertos/kernel/tasks.o
                0x0000000008005b80                xTaskCreate
 text_freertos_kernel_timecritical162183
                0x0000000008005bdc       0x26 ./simplicity_sdk_2025.6.2/util/third_party/freertos/kernel/timers.o
 text_freertos_kernel_timecritical112426
                0x0000000008005c02       0x16 ./simplicity_sdk_2025.6.2/util/third_party/freertos/kernel/portable/GCC/ARM_CM33_NTZ/non_secure/port.o
                0x0000000008005c02                vPortYield
 text_freertos_kernel_timecritical115441
                0x0000000008005c18       0x24 ./simplicity_sdk_2025.6.2/util/third_party/freertos/kernel/portable/GCC/ARM_CM33_NTZ/non_secure/port.o
                0x0000000008005c18                xPortSysTickHandler
 text_freertos_kernel_timecritical4382
                0x0000000008005c3c       0x16 ./simplicity_sdk_2025.6.2/util/third_party/freertos/kernel/portable/GCC/ARM_CM33_NTZ/non_secure/portasm.o
                0x0000000008005c3c                ulSetInterruptMask
 text_freertos_kernel_timecritical4487
                0x0000000008005c52        0xe ./simplicity_sdk_2025.6.2/util/third_party/freertos/kernel/portable/GCC/ARM_CM33_NTZ/non_secure/portasm.o
                0x0000000008005c52                vClearInterruptMask
 text_freertos_kernel_timecritical31179
                0x0000000008005c60       0x18 ./simplicity_sdk_2025.6.2/util/third_party/freertos/kernel/portable/MemMang/heap_3.o
                0x0000000008005c60                pvPortMalloc
 text_freertos_kernel_timecritical33182
                0x0000000008005c78       0x1a ./simplicity_sdk_2025.6.2/util/third_party/freertos/kernel/portable/MemMang/heap_3.o
                0x0000000008005c78                vPortFree
                0x0000000008005ca0                . = ALIGN (0x20)
 *fill*         0x0000000008005c92        0xe 
                0x0000000008005ca0                linker_code_end = .
 *(.init)
 .init          0x0000000008005ca0        0x4 /Applications/ArmGNUToolchain/12.2.rel1/arm-none-eabi/bin/../lib/gcc/arm-none-eabi/12.2.1/thumb/v8-m.main+fp/hard/crti.o
                0x0000000008005ca0                _init
 .init          0x0000000008005ca4        0x8 /Applications/ArmGNUToolchain/12.2.rel1/arm-none-eabi/bin/../lib/gcc/arm-none-eabi/12.2.1/thumb/v8-m.main+fp/hard/crtn.o
 *(.fini)
 .fini          0x0000000008005cac        0x4 /Applications/ArmGNUToolchain/12.2.rel1/arm-none-eabi/bin/../lib/gcc/arm-none-eabi/12.2.1/thumb/v8-m.main+fp/hard/crti.o
                0x0000000008005cac                _fini
 .fini          0x0000000008005cb0        0x8 /Applications/ArmGNUToolchain/12.2.rel1/arm-none-eabi/bin/../lib/gcc/arm-none-eabi/12.2.1/thumb/v8-m.main+fp/hard/crtn.o
 *crtbegin.o(.ctors)
 *crtbegin?.o(.ctors)
 *(EXCLUDE_FILE(*crtend.o *crtend?.o) .ctors)
 *(SORT_BY_NAME(.ctors.*))
 *(.ctors)
 *crtbegin.o(.dtors)
 *crtbegin?.o(.dtors)
 *(EXCLUDE_FILE(*crtend.o *crtend?.o) .dtors)
 *(SORT_BY_NAME(.dtors.*))
 *(.dtors)
 *(.rodata*)
 .rodata.task1_init.str1.1
                0x0000000008005cb8       0x19 ./03-task1.o
 .rodata.task2_init.str1.1
                0x0000000008005cd1        0xe ./03-task2.o
                                         0x19 (size before relaxing)
 *fill*         0x0000000008005cdf        0x1 
 .rodata.sl_button_btn1
                0x0000000008005ce0       0x18 ./autogen/sl_simple_button_instances.o
                0x0000000008005ce0                sl_button_btn1
 .rodata.sl_button_btn0
                0x0000000008005cf8       0x18 ./autogen/sl_simple_button_instances.o
                0x0000000008005cf8                sl_button_btn0
 .rodata.sl_led_led1
                0x0000000008005d10       0x18 ./autogen/sl_simple_led_instances.o
                0x0000000008005d10                sl_led_led1
 .rodata.sl_led_led0
                0x0000000008005d28       0x18 ./autogen/sl_simple_led_instances.o
                0x0000000008005d28                sl_led_led0
 .rodata.sl_simple_button_init.str1.1
                0x0000000008005d40       0x64 ./simplicity_sdk_2025.6.2/platform/driver/button/src/sl_simple_button.o
 .rodata.str1.1
                0x0000000008005da4       0x59 ./simplicity_sdk_2025.6.2/platform/driver/gpio/src/sl_gpio.o
 .rodata.traceClkGet.str1.1
                0x0000000008005dfd       0x52 ./simplicity_sdk_2025.6.2/platform/emlib/src/em_cmu.o
 .rodata.EMU_VScaleEM01.str1.1
                0x0000000008005e4f       0x52 ./simplicity_sdk_2025.6.2/platform/emlib/src/em_emu.o
 .rodata.str1.1
                0x0000000008005ea1       0x5d ./simplicity_sdk_2025.6.2/platform/peripheral/src/sl_hal_gpio.o
 .rodata.sl_hal_gpio_set_pin_mode.str1.1
                0x0000000008005efe       0x5c ./simplicity_sdk_2025.6.2/platform/peripheral/src/sl_hal_gpio.o
 .rodata.sl_hal_gpio_configure_external_interrupt.str1.1
                0x0000000008005f5a       0x5c ./simplicity_sdk_2025.6.2/platform/peripheral/src/sl_hal_gpio.o
 .rodata.sl_hal_sysrtc_start.str1.1
                0x0000000008005fb6       0x5f ./simplicity_sdk_2025.6.2/platform/peripheral/src/sl_hal_sysrtc.o
 .rodata.str1.1
                0x0000000008006015       0x5e ./simplicity_sdk_2025.6.2/platform/peripheral/src/sl_hal_sysrtc.o
 .rodata.str1.1
                0x0000000008006073       0xc6 ./simplicity_sdk_2025.6.2/platform/service/clock_manager/src/sl_clock_manager_hal_s2.o
 .rodata.sli_clock_manager_hal_init.str1.1
                0x0000000008006139       0x78 ./simplicity_sdk_2025.6.2/platform/service/clock_manager/src/sl_clock_manager_init_hal_s2.o
 *fill*         0x00000000080061b1        0x3 
 .rodata        0x00000000080061b4       0x3c ./simplicity_sdk_2025.6.2/platform/service/clock_manager/src/sl_clock_manager_init_hal_s2.o
 .rodata        0x00000000080061f0        0x7 ./simplicity_sdk_2025.6.2/platform/service/device_init/src/sl_device_init_dcdc_s2.o
 *fill*         0x00000000080061f7        0x1 
 .rodata.SL_BUS_CLOCK_SYSRTC0_VALUE
                0x00000000080061f8        0x4 ./simplicity_sdk_2025.6.2/platform/service/device_manager/clocks/sl_device_clock_efr32xg24.o
                0x00000000080061f8                SL_BUS_CLOCK_SYSRTC0_VALUE
 .rodata.SL_BUS_CLOCK_LFRCO_VALUE
                0x00000000080061fc        0x4 ./simplicity_sdk_2025.6.2/platform/service/device_manager/clocks/sl_device_clock_efr32xg24.o
                0x00000000080061fc                SL_BUS_CLOCK_LFRCO_VALUE
 .rodata.SL_BUS_CLOCK_GPIO_VALUE
                0x0000000008006200        0x4 ./simplicity_sdk_2025.6.2/platform/service/device_manager/clocks/sl_device_clock_efr32xg24.o
                0x0000000008006200                SL_BUS_CLOCK_GPIO_VALUE
 .rodata.sl_peripheral_val_sysrtc0
                0x0000000008006204        0xc ./simplicity_sdk_2025.6.2/platform/service/device_manager/devices/sl_device_peripheral_hal_efr32xg24.o
                0x0000000008006204                sl_peripheral_val_sysrtc0
 .rodata.sl_interrupt_manager_disable_irq.str1.1
                0x0000000008006210       0x7c ./simplicity_sdk_2025.6.2/platform/service/interrupt_manager/src/sl_interrupt_manager_cortexm.o
 .rodata.sl_memory_reserve_no_retention.str1.1
                0x000000000800628c       0x6e ./simplicity_sdk_2025.6.2/platform/service/memory_manager/src/sl_memory_manager.o
 .rodata.sli_memory_find_head_free_block.str1.1
                0x00000000080062fa       0x76 ./simplicity_sdk_2025.6.2/platform/service/memory_manager/src/sli_memory_manager_common.o
 .rodata.str1.1
                0x0000000008006370       0x76 ./simplicity_sdk_2025.6.2/platform/service/sl_main/src/sl_main_kernel.o
                                          0x1 (size before relaxing)
 .rodata        0x0000000008006370       0x24 ./simplicity_sdk_2025.6.2/platform/service/sl_main/src/sl_main_kernel.o
 .rodata.str1.1
                0x0000000008006394       0x66 ./simplicity_sdk_2025.6.2/platform/service/sleeptimer/src/sl_sleeptimer.o
 .rodata.vApplicationStackOverflowHook.str1.1
                0x00000000080063fa       0x69 ./simplicity_sdk_2025.6.2/util/third_party/freertos/cmsis/Source/cmsis_os2.o
 .rodata.str1.1
                0x0000000008006463       0x5f ./simplicity_sdk_2025.6.2/util/third_party/freertos/kernel/queue.o
 .rodata.str1.1
                0x00000000080064c2       0x64 ./simplicity_sdk_2025.6.2/util/third_party/freertos/kernel/tasks.o
 .rodata.str1.1
                0x0000000008006526       0x6d ./simplicity_sdk_2025.6.2/util/third_party/freertos/kernel/timers.o
 .rodata.prvTaskExitError.str1.1
                0x0000000008006593       0x83 ./simplicity_sdk_2025.6.2/util/third_party/freertos/kernel/portable/GCC/ARM_CM33_NTZ/non_secure/port.o
 *(.eh_frame*)
 *fill*         0x0000000008006616        0x2 
 .eh_frame      0x0000000008006618        0x0 /Applications/ArmGNUToolchain/12.2.rel1/arm-none-eabi/bin/../lib/gcc/arm-none-eabi/12.2.1/thumb/v8-m.main+fp/hard/crtbegin.o

.glue_7         0x0000000008006618        0x0
 .glue_7        0x0000000008006618        0x0 linker stubs
